Archive member included because of file (symbol)

c:/program files (x86)/microchip/mplabc32/v2.02/bin/../lib/gcc/pic32mx/4.5.1\libgcc.a(floatunsisf.o)
                              build/default/production/sht3x.o (__floatunsisf)
c:/program files (x86)/microchip/mplabc32/v2.02/bin/../lib/gcc/pic32mx/4.5.1/../../../../pic32mx/lib\libc.a(memcpy.o)
                              build/default/production/ValveMotionControl.o (memcpy)
c:/program files (x86)/microchip/mplabc32/v2.02/bin/../lib/gcc/pic32mx/4.5.1/../../../../pic32mx/lib\libc.a(memset.o)
                              build/default/production/Config.o (memset)
c:/program files (x86)/microchip/mplabc32/v2.02/bin/../lib/gcc/pic32mx/4.5.1/../../../../pic32mx/lib\libc.a(strcmp.o)
                              build/default/production/UserConsole.o (strcmp)
c:/program files (x86)/microchip/mplabc32/v2.02/bin/../lib/gcc/pic32mx/4.5.1/../../../../pic32mx/lib\libc.a(strcpy.o)
                              build/default/production/Config.o (strcpy)
c:/program files (x86)/microchip/mplabc32/v2.02/bin/../lib/gcc/pic32mx/4.5.1/../../../../pic32mx/lib\libc.a(strlen.o)
                              build/default/production/UserConsole.o (strlen)
c:/program files (x86)/microchip/mplabc32/v2.02/bin/../lib/gcc/pic32mx/4.5.1/../../../../pic32mx/lib\libc.a(general-exception.o)
                              c:/program files (x86)/microchip/mplabc32/v2.02/bin/../lib/gcc/pic32mx/4.5.1/../../../../pic32mx/lib/crt0.o (_general_exception_context)
c:/program files (x86)/microchip/mplabc32/v2.02/bin/../lib/gcc/pic32mx/4.5.1/../../../../pic32mx/lib\libc.a(atol.o)
                              build/default/production/UserConsole.o (atol)
c:/program files (x86)/microchip/mplabc32/v2.02/bin/../lib/gcc/pic32mx/4.5.1/../../../../pic32mx/lib\libc.a(ctype.o)
                              c:/program files (x86)/microchip/mplabc32/v2.02/bin/../lib/gcc/pic32mx/4.5.1/../../../../pic32mx/lib\libc.a(atol.o) (_ctype)
c:/program files (x86)/microchip/mplabc32/v2.02/bin/../lib/gcc/pic32mx/4.5.1/../../../../pic32mx/lib\libc.a(sprintf_cdfFnopsuxX.eo)
                              build/default/production/UserConsole.o (_sprintf_cdfFnopsuxX)
c:/program files (x86)/microchip/mplabc32/v2.02/bin/../lib/gcc/pic32mx/4.5.1/../../../../pic32mx/lib\libc.a(sprintf_cdfFnopuxX.eo)
                              build/default/production/UserConsole.o (_sprintf_cdfFnopuxX)
c:/program files (x86)/microchip/mplabc32/v2.02/bin/../lib/gcc/pic32mx/4.5.1/../../../../pic32mx/lib\libc.a(sprintf_cdnopsuxX.eo)
                              build/default/production/Config.o (_sprintf_cdnopsuxX)
c:/program files (x86)/microchip/mplabc32/v2.02/bin/../lib/gcc/pic32mx/4.5.1/../../../../pic32mx/lib\libc.a(sprintf_cdnopuxX.eo)
                              build/default/production/FanControl.o (_sprintf_cdnopuxX)
c:/program files (x86)/microchip/mplabc32/v2.02/bin/../lib/gcc/pic32mx/4.5.1/../../../../pic32mx/lib\libc.a(sprintf_fF.eo)
                              build/default/production/UserConsole.o (_sprintf_fF)
c:/program files (x86)/microchip/mplabc32/v2.02/bin/../lib/gcc/pic32mx/4.5.1/../../../../pic32mx/lib\libc.a(default-bootstrap-exception-handler.o)
                              c:/program files (x86)/microchip/mplabc32/v2.02/bin/../lib/gcc/pic32mx/4.5.1/../../../../pic32mx/lib/crt0.o (_bootstrap_exception_handler)
c:/program files (x86)/microchip/mplabc32/v2.02/bin/../lib/gcc/pic32mx/4.5.1/../../../../pic32mx/lib\libc.a(default-on-reset.o)
                              c:/program files (x86)/microchip/mplabc32/v2.02/bin/../lib/gcc/pic32mx/4.5.1/../../../../pic32mx/lib/crt0.o (_on_reset)
c:/program files (x86)/microchip/mplabc32/v2.02/bin/../lib/gcc/pic32mx/4.5.1/../../../../pic32mx/lib\libc.a(default-on-bootstrap.o)
                              c:/program files (x86)/microchip/mplabc32/v2.02/bin/../lib/gcc/pic32mx/4.5.1/../../../../pic32mx/lib/crt0.o (_on_bootstrap)
c:/program files (x86)/microchip/mplabc32/v2.02/bin/../lib/gcc/pic32mx/4.5.1/../../../../pic32mx/lib\libc.a(default-nmi-handler.o)
                              c:/program files (x86)/microchip/mplabc32/v2.02/bin/../lib/gcc/pic32mx/4.5.1/../../../../pic32mx/lib/crt0.o (_nmi_handler)
c:/program files (x86)/microchip/mplabc32/v2.02/bin/../lib/gcc/pic32mx/4.5.1/../../../../pic32mx/lib\libc.a(doprnt_cdfFnopsuxX.eo)
                              c:/program files (x86)/microchip/mplabc32/v2.02/bin/../lib/gcc/pic32mx/4.5.1/../../../../pic32mx/lib\libc.a(sprintf_cdfFnopsuxX.eo) (_vfprintf_cdfFnopsuxX)
c:/program files (x86)/microchip/mplabc32/v2.02/bin/../lib/gcc/pic32mx/4.5.1/../../../../pic32mx/lib\libc.a(doprnt_cdfFnopuxX.eo)
                              c:/program files (x86)/microchip/mplabc32/v2.02/bin/../lib/gcc/pic32mx/4.5.1/../../../../pic32mx/lib\libc.a(sprintf_cdfFnopuxX.eo) (_vfprintf_cdfFnopuxX)
c:/program files (x86)/microchip/mplabc32/v2.02/bin/../lib/gcc/pic32mx/4.5.1/../../../../pic32mx/lib\libc.a(doprnt_cdnopsuxX.eo)
[...]
Memory Configuration

Name             Origin             Length             Attributes
kseg0_program_mem 0x9d000000         0x0001f000         xr
exception_mem    0x9d01f000         0x00001000
debug_exec_mem   0x9fc00490         0x00000760
kseg0_boot_mem   0x9fc00490         0x00000000
kseg1_boot_mem   0xbfc00000         0x00000490
config3          0xbfc00bf0         0x00000004
config2          0xbfc00bf4         0x00000004
config1          0xbfc00bf8         0x00000004
config0          0xbfc00bfc         0x00000004
kseg1_data_mem   0xa0000000         0x00008000         w !x
sfrs             0xbf800000         0x00100000
configsfrs       0xbfc00bf0         0x00000010
*default*        0x00000000         0xffffffff

Linker script and memory map

LOAD c:/program files (x86)/microchip/mplabc32/v2.02/bin/../lib/gcc/pic32mx/4.5.1/../../../../pic32mx/lib/crt0.o
LOAD build/default/production/UserConsole.o
LOAD build/default/production/LEDFade.o
LOAD build/default/production/sht3x.o
LOAD build/default/production/AutoDuctTestMain.o
LOAD build/default/production/ValveMotionControl.o
LOAD build/default/production/FanControl.o
LOAD build/default/production/DeviceControl.o
LOAD build/default/production/TimeKeeper.o
LOAD build/default/production/Config.o
LOAD build/default/production/BTComCallbacksApp.o
LOAD build/default/production/RTC_RV3129.o
LOAD build/default/production/_ext/2108356922/BTCom.o
LOAD build/default/production/_ext/2108356922/CircBuffer.o
LOAD build/default/production/_ext/2108356922/Delay.o
LOAD build/default/production/_ext/2108356922/M24512.o
LOAD build/default/production/_ext/2108356922/NVMem.o
LOAD build/default/production/_ext/2108356922/TaskScheduler.o
LOAD build/default/production/_ext/2108356922/uart1.o
LOAD build/default/production/_ext/2108356922/uart2.o
                0x00000001                __MPLAB_BUILD = 0x1
LOAD c:/program files (x86)/microchip/mplabc32/v2.02/bin/../lib/gcc/pic32mx/4.5.1\libgcc.a
START GROUP
LOAD c:/program files (x86)/microchip/mplabc32/v2.02/bin/../lib/gcc/pic32mx/4.5.1/../../../../pic32mx/lib\libdebug.a
LOAD c:/program files (x86)/microchip/mplabc32/v2.02/bin/../lib/gcc/pic32mx/4.5.1/../../../../pic32mx/lib\libc.a
LOAD c:/program files (x86)/microchip/mplabc32/v2.02/bin/../lib/gcc/pic32mx/4.5.1/../../../../pic32mx/lib\libm.a
LOAD c:/program files (x86)/microchip/mplabc32/v2.02/bin/../lib/gcc/pic32mx/4.5.1/../../../../pic32mx/lib\libe.a
LOAD c:/program files (x86)/microchip/mplabc32/v2.02/bin/../lib/gcc/pic32mx/4.5.1/../../../../pic32mx/lib\libdsp.a
LOAD c:/program files (x86)/microchip/mplabc32/v2.02/bin/../lib/gcc/pic32mx/4.5.1/../../../../pic32mx/lib\libmchp_peripheral.a
LOAD c:/program files (x86)/microchip/mplabc32/v2.02/bin/../lib/gcc/pic32mx/4.5.1/../../../../pic32mx/lib\libmchp_peripheral_32MX150F128B.a
END GROUP
LOAD c:/program files (x86)/microchip/mplabc32/v2.02/bin/../lib/gcc/pic32mx/4.5.1\libgcc.a
                0x00000400                PROVIDE (_min_stack_size, 0x400)
                0x00000000                PROVIDE (_min_heap_size, 0x0)
LOAD c:/program files (x86)/microchip/mplabc32/v2.02/bin/../lib/gcc/pic32mx/4.5.1/../../../../pic32mx/lib/./proc/32MX150F128B\processor.o
                0x00000001                PROVIDE (_vector_spacing, 0x1)
                0x9d01f000                _ebase_address = 0x9d01f000
                0xbfc00000                _RESET_ADDR = 0xbfc00000
                0xbfc00380                _BEV_EXCPT_ADDR = 0xbfc00380
                0xbfc00480                _DBG_EXCPT_ADDR = 0xbfc00480
                0x9fc00490                _DBG_CODE_ADDR = 0x9fc00490
                0x00000760                _DBG_CODE_SIZE = 0x760
                0x9d01f180                _GEN_EXCPT_ADDR = (_ebase_address + 0x180)

.config_BFC00BF0
                0xbfc00bf0        0x4
 *(.config_BFC00BF0)
 .config_BFC00BF0
                0xbfc00bf0        0x4 build/default/production/AutoDuctTestMain.o

.config_BFC00BF4
                0xbfc00bf4        0x4
 *(.config_BFC00BF4)
 .config_BFC00BF4
                0xbfc00bf4        0x4 build/default/production/AutoDuctTestMain.o

.config_BFC00BF8
                0xbfc00bf8        0x4
 *(.config_BFC00BF8)
 .config_BFC00BF8
                0xbfc00bf8        0x4 build/default/production/AutoDuctTestMain.o

.config_BFC00BFC
                0xbfc00bfc        0x4
 *(.config_BFC00BFC)
 .config_BFC00BFC
                0xbfc00bfc        0x4 build/default/production/AutoDuctTestMain.o
                0xbfc02000                PROVIDE (_DBG_CODE_ADDR, 0xbfc02000)
                0x00000ff0                PROVIDE (_DBG_CODE_SIZE, 0xff0)

.reset          0xbfc00000      0x1f4
 *(.reset)
 .reset         0xbfc00000       0x10 c:/program files (x86)/microchip/mplabc32/v2.02/bin/../lib/gcc/pic32mx/4.5.1/../../../../pic32mx/lib/crt0.o
                0xbfc00000                _reset
 *(.reset.startup)
 .reset.startup
                0xbfc00010      0x1e4 c:/program files (x86)/microchip/mplabc32/v2.02/bin/../lib/gcc/pic32mx/4.5.1/../../../../pic32mx/lib/crt0.o

.bev_excpt      0xbfc00380       0x10
 *(.bev_handler)
 .bev_handler   0xbfc00380       0x10 c:/program files (x86)/microchip/mplabc32/v2.02/bin/../lib/gcc/pic32mx/4.5.1/../../../../pic32mx/lib/crt0.o

.dbg_excpt      0xbfc00480        0x0
                0xbfc00480                . = (. + DEFINED (_DEBUGGER)?0x8:0x0)

.dbg_code       0x9fc00490        0x0
                0x9fc00490                . = (. + DEFINED (_DEBUGGER)?_DBG_CODE_SIZE:0x0)

.app_excpt      0x9d01f180       0x10
 *(.gen_handler)
 .gen_handler   0x9d01f180       0x10 c:/program files (x86)/microchip/mplabc32/v2.02/bin/../lib/gcc/pic32mx/4.5.1/../../../../pic32mx/lib/crt0.o

.vector_0       0x9d01f200        0x0
 *(.vector_0)
                0x00000001                ASSERT (((_vector_spacing == 0x0) || (SIZEOF (.vector_0) <= (_vector_spacing << 0x5))), function at exception vector 0 too large)

.vector_1       0x9d01f220        0x0
 *(.vector_1)
                0x00000001                ASSERT (((_vector_spacing == 0x0) || (SIZEOF (.vector_1) <= (_vector_spacing << 0x5))), function at exception vector 1 too large)

.vector_2       0x9d01f240        0x0
 *(.vector_2)
                0x00000001                ASSERT (((_vector_spacing == 0x0) || (SIZEOF (.vector_2) <= (_vector_spacing << 0x5))), function at exception vector 2 too large)

.vector_3       0x9d01f260        0x0
 *(.vector_3)
                0x00000001                ASSERT (((_vector_spacing == 0x0) || (SIZEOF (.vector_3) <= (_vector_spacing << 0x5))), function at exception vector 3 too large)

.vector_4       0x9d01f280        0x0
 *(.vector_4)
                0x00000001                ASSERT (((_vector_spacing == 0x0) || (SIZEOF (.vector_4) <= (_vector_spacing << 0x5))), function at exception vector 4 too large)

.vector_5       0x9d01f2a0        0x8
 *(.vector_5)
 .vector_5      0x9d01f2a0        0x8 build/default/production/FanControl.o
                0x00000001                ASSERT (((_vector_spacing == 0x0) || (SIZEOF (.vector_5) <= (_vector_spacing << 0x5))), function at exception vector 5 too large)

.vector_6       0x9d01f2c0        0x0
 *(.vector_6)
                0x00000001                ASSERT (((_vector_spacing == 0x0) || (SIZEOF (.vector_6) <= (_vector_spacing << 0x5))), function at exception vector 6 too large)

.vector_7       0x9d01f2e0        0x8
 *(.vector_7)
 .vector_7      0x9d01f2e0        0x8 build/default/production/ValveMotionControl.o
                0x00000001                ASSERT (((_vector_spacing == 0x0) || (SIZEOF (.vector_7) <= (_vector_spacing << 0x5))), function at exception vector 7 too large)

.vector_8       0x9d01f300        0x0
 *(.vector_8)
                0x00000001                ASSERT (((_vector_spacing == 0x0) || (SIZEOF (.vector_8) <= (_vector_spacing << 0x5))), function at exception vector 8 too large)

.vector_9       0x9d01f320        0x0
 *(.vector_9)
                0x00000001                ASSERT (((_vector_spacing == 0x0) || (SIZEOF (.vector_9) <= (_vector_spacing << 0x5))), function at exception vector 9 too large)

.vector_10      0x9d01f340        0x0
 *(.vector_10)
                0x00000001                ASSERT (((_vector_spacing == 0x0) || (SIZEOF (.vector_10) <= (_vector_spacing << 0x5))), function at exception vector 10 too large)

.vector_11      0x9d01f360        0x8
 *(.vector_11)
 .vector_11     0x9d01f360        0x8 build/default/production/ValveMotionControl.o
                0x00000001                ASSERT (((_vector_spacing == 0x0) || (SIZEOF (.vector_11) <= (_vector_spacing << 0x5))), function at exception vector 11 too large)

.vector_12      0x9d01f380        0x0
 *(.vector_12)
                0x00000001                ASSERT (((_vector_spacing == 0x0) || (SIZEOF (.vector_12) <= (_vector_spacing << 0x5))), function at exception vector 12 too large)

.vector_13      0x9d01f3a0        0x0
 *(.vector_13)
                0x00000001                ASSERT (((_vector_spacing == 0x0) || (SIZEOF (.vector_13) <= (_vector_spacing << 0x5))), function at exception vector 13 too large)

.vector_14      0x9d01f3c0        0x0
 *(.vector_14)
                0x00000001                ASSERT (((_vector_spacing == 0x0) || (SIZEOF (.vector_14) <= (_vector_spacing << 0x5))), function at exception vector 14 too large)

.vector_15      0x9d01f3e0        0x0
 *(.vector_15)
                0x00000001                ASSERT (((_vector_spacing == 0x0) || (SIZEOF (.vector_15) <= (_vector_spacing << 0x5))), function at exception vector 15 too large)

.vector_16      0x9d01f400        0x0
 *(.vector_16)
                0x00000001                ASSERT (((_vector_spacing == 0x0) || (SIZEOF (.vector_16) <= (_vector_spacing << 0x5))), function at exception vector 16 too large)

.vector_17      0x9d01f420        0x0
 *(.vector_17)
                0x00000001                ASSERT (((_vector_spacing == 0x0) || (SIZEOF (.vector_17) <= (_vector_spacing << 0x5))), function at exception vector 17 too large)

.vector_18      0x9d01f440        0x0
 *(.vector_18)
                0x00000001                ASSERT (((_vector_spacing == 0x0) || (SIZEOF (.vector_18) <= (_vector_spacing << 0x5))), function at exception vector 18 too large)

.vector_19      0x9d01f460        0x0
 *(.vector_19)
                0x00000001                ASSERT (((_vector_spacing == 0x0) || (SIZEOF (.vector_19) <= (_vector_spacing << 0x5))), function at exception vector 19 too large)

.vector_20      0x9d01f480        0x0
 *(.vector_20)
                0x00000001                ASSERT (((_vector_spacing == 0x0) || (SIZEOF (.vector_20) <= (_vector_spacing << 0x5))), function at exception vector 20 too large)

.vector_21      0x9d01f4a0        0x0
 *(.vector_21)
                0x00000001                ASSERT (((_vector_spacing == 0x0) || (SIZEOF (.vector_21) <= (_vector_spacing << 0x5))), function at exception vector 21 too large)

.vector_22      0x9d01f4c0        0x0
 *(.vector_22)
                0x00000001                ASSERT (((_vector_spacing == 0x0) || (SIZEOF (.vector_22) <= (_vector_spacing << 0x5))), function at exception vector 22 too large)

.vector_23      0x9d01f4e0        0x0
 *(.vector_23)
                0x00000001                ASSERT (((_vector_spacing == 0x0) || (SIZEOF (.vector_23) <= (_vector_spacing << 0x5))), function at exception vector 23 too large)

.vector_24      0x9d01f500        0x0
 *(.vector_24)
                0x00000001                ASSERT (((_vector_spacing == 0x0) || (SIZEOF (.vector_24) <= (_vector_spacing << 0x5))), function at exception vector 24 too large)

.vector_25      0x9d01f520        0x0
 *(.vector_25)
                0x00000001                ASSERT (((_vector_spacing == 0x0) || (SIZEOF (.vector_25) <= (_vector_spacing << 0x5))), function at exception vector 25 too large)

.vector_26      0x9d01f540        0x0
 *(.vector_26)
                0x00000001                ASSERT (((_vector_spacing == 0x0) || (SIZEOF (.vector_26) <= (_vector_spacing << 0x5))), function at exception vector 26 too large)

.vector_27      0x9d01f560        0x0
 *(.vector_27)
                0x00000001                ASSERT (((_vector_spacing == 0x0) || (SIZEOF (.vector_27) <= (_vector_spacing << 0x5))), function at exception vector 27 too large)

.vector_28      0x9d01f580        0x0
 *(.vector_28)
                0x00000001                ASSERT (((_vector_spacing == 0x0) || (SIZEOF (.vector_28) <= (_vector_spacing << 0x5))), function at exception vector 28 too large)

.vector_29      0x9d01f5a0        0x0
 *(.vector_29)
                0x00000001                ASSERT (((_vector_spacing == 0x0) || (SIZEOF (.vector_29) <= (_vector_spacing << 0x5))), function at exception vector 29 too large)

.vector_30      0x9d01f5c0        0x0
 *(.vector_30)
                0x00000001                ASSERT (((_vector_spacing == 0x0) || (SIZEOF (.vector_30) <= (_vector_spacing << 0x5))), function at exception vector 30 too large)

.vector_31      0x9d01f5e0        0x0
 *(.vector_31)
                0x00000001                ASSERT (((_vector_spacing == 0x0) || (SIZEOF (.vector_31) <= (_vector_spacing << 0x5))), function at exception vector 31 too large)

.vector_32      0x9d01f600        0x8
 *(.vector_32)
 .vector_32     0x9d01f600        0x8 build/default/production/_ext/2108356922/uart1.o
                0x00000001                ASSERT (((_vector_spacing == 0x0) || (SIZEOF (.vector_32) <= (_vector_spacing << 0x5))), function at exception vector 32 too large)

.vector_33      0x9d01f620        0x0
 *(.vector_33)
                0x00000001                ASSERT (((_vector_spacing == 0x0) || (SIZEOF (.vector_33) <= (_vector_spacing << 0x5))), function at exception vector 33 too large)

.vector_34      0x9d01f640        0x0
 *(.vector_34)
                0x00000001                ASSERT (((_vector_spacing == 0x0) || (SIZEOF (.vector_34) <= (_vector_spacing << 0x5))), function at exception vector 34 too large)

.vector_35      0x9d01f660        0x0
 *(.vector_35)
                0x00000001                ASSERT (((_vector_spacing == 0x0) || (SIZEOF (.vector_35) <= (_vector_spacing << 0x5))), function at exception vector 35 too large)

.vector_36      0x9d01f680        0x0
 *(.vector_36)
                0x00000001                ASSERT (((_vector_spacing == 0x0) || (SIZEOF (.vector_36) <= (_vector_spacing << 0x5))), function at exception vector 36 too large)

.vector_37      0x9d01f6a0        0x8
 *(.vector_37)
 .vector_37     0x9d01f6a0        0x8 build/default/production/_ext/2108356922/uart2.o
                0x00000001                ASSERT (((_vector_spacing == 0x0) || (SIZEOF (.vector_37) <= (_vector_spacing << 0x5))), function at exception vector 37 too large)

.vector_38      0x9d01f6c0        0x0
 *(.vector_38)
                0x00000001                ASSERT (((_vector_spacing == 0x0) || (SIZEOF (.vector_38) <= (_vector_spacing << 0x5))), function at exception vector 38 too large)

.vector_39      0x9d01f6e0        0x0
 *(.vector_39)
                0x00000001                ASSERT (((_vector_spacing == 0x0) || (SIZEOF (.vector_39) <= (_vector_spacing << 0x5))), function at exception vector 39 too large)

.vector_40      0x9d01f700        0x0
 *(.vector_40)
                0x00000001                ASSERT (((_vector_spacing == 0x0) || (SIZEOF (.vector_40) <= (_vector_spacing << 0x5))), function at exception vector 40 too large)

.vector_41      0x9d01f720        0x0
 *(.vector_41)
                0x00000001                ASSERT (((_vector_spacing == 0x0) || (SIZEOF (.vector_41) <= (_vector_spacing << 0x5))), function at exception vector 41 too large)

.vector_42      0x9d01f740        0x0
 *(.vector_42)
                0x00000001                ASSERT (((_vector_spacing == 0x0) || (SIZEOF (.vector_42) <= (_vector_spacing << 0x5))), function at exception vector 42 too large)

.vector_43      0x9d01f760        0x0
 *(.vector_43)
                0x00000001                ASSERT (((_vector_spacing == 0x0) || (SIZEOF (.vector_43) <= (_vector_spacing << 0x5))), function at exception vector 43 too large)

.vector_44      0x9d01f780        0x0
 *(.vector_44)
                0x00000001                ASSERT (((_vector_spacing == 0x0) || (SIZEOF (.vector_44) <= (_vector_spacing << 0x5))), function at exception vector 44 too large)

.vector_45      0x9d01f7a0        0x0
 *(.vector_45)
                0x00000001                ASSERT (((_vector_spacing == 0x0) || (SIZEOF (.vector_45) <= (_vector_spacing << 0x5))), function at exception vector 45 too large)

.vector_46      0x9d01f7c0        0x0
 *(.vector_46)
                0x00000001                ASSERT (((_vector_spacing == 0x0) || (SIZEOF (.vector_46) <= (_vector_spacing << 0x5))), function at exception vector 46 too large)

.vector_47      0x9d01f7e0        0x0
 *(.vector_47)
                0x00000001                ASSERT (((_vector_spacing == 0x0) || (SIZEOF (.vector_47) <= (_vector_spacing << 0x5))), function at exception vector 47 too large)

.vector_48      0x9d01f800        0x0
 *(.vector_48)
                0x00000001                ASSERT (((_vector_spacing == 0x0) || (SIZEOF (.vector_48) <= (_vector_spacing << 0x5))), function at exception vector 48 too large)

.vector_49      0x9d01f820        0x0
 *(.vector_49)
                0x00000001                ASSERT (((_vector_spacing == 0x0) || (SIZEOF (.vector_49) <= (_vector_spacing << 0x5))), function at exception vector 49 too large)

.vector_50      0x9d01f840        0x0
 *(.vector_50)
                0x00000001                ASSERT (((_vector_spacing == 0x0) || (SIZEOF (.vector_50) <= (_vector_spacing << 0x5))), function at exception vector 50 too large)

.vector_51      0x9d01f860        0x0
 *(.vector_51)
                0x00000001                ASSERT (((_vector_spacing == 0x0) || (SIZEOF (.vector_51) <= (_vector_spacing << 0x5))), function at exception vector 51 too large)

.vector_52      0x9d01f880        0x0
 *(.vector_52)
                0x00000001                ASSERT (((_vector_spacing == 0x0) || (SIZEOF (.vector_52) <= (_vector_spacing << 0x5))), function at exception vector 52 too large)

.vector_53      0x9d01f8a0        0x0
 *(.vector_53)
                0x00000001                ASSERT (((_vector_spacing == 0x0) || (SIZEOF (.vector_53) <= (_vector_spacing << 0x5))), function at exception vector 53 too large)

.vector_54      0x9d01f8c0        0x0
 *(.vector_54)
                0x00000001                ASSERT (((_vector_spacing == 0x0) || (SIZEOF (.vector_54) <= (_vector_spacing << 0x5))), function at exception vector 54 too large)

.vector_55      0x9d01f8e0        0x0
 *(.vector_55)
                0x00000001                ASSERT (((_vector_spacing == 0x0) || (SIZEOF (.vector_55) <= (_vector_spacing << 0x5))), function at exception vector 55 too large)

.vector_56      0x9d01f900        0x0
 *(.vector_56)
                0x00000001                ASSERT (((_vector_spacing == 0x0) || (SIZEOF (.vector_56) <= (_vector_spacing << 0x5))), function at exception vector 56 too large)

.vector_57      0x9d01f920        0x0
 *(.vector_57)
                0x00000001                ASSERT (((_vector_spacing == 0x0) || (SIZEOF (.vector_57) <= (_vector_spacing << 0x5))), function at exception vector 57 too large)

.vector_58      0x9d01f940        0x0
 *(.vector_58)
                0x00000001                ASSERT (((_vector_spacing == 0x0) || (SIZEOF (.vector_58) <= (_vector_spacing << 0x5))), function at exception vector 58 too large)

.vector_59      0x9d01f960        0x0
 *(.vector_59)
                0x00000001                ASSERT (((_vector_spacing == 0x0) || (SIZEOF (.vector_59) <= (_vector_spacing << 0x5))), function at exception vector 59 too large)

.vector_60      0x9d01f980        0x0
 *(.vector_60)
                0x00000001                ASSERT (((_vector_spacing == 0x0) || (SIZEOF (.vector_60) <= (_vector_spacing << 0x5))), function at exception vector 60 too large)

.vector_61      0x9d01f9a0        0x0
 *(.vector_61)
                0x00000001                ASSERT (((_vector_spacing == 0x0) || (SIZEOF (.vector_61) <= (_vector_spacing << 0x5))), function at exception vector 61 too large)

.vector_62      0x9d01f9c0        0x0
 *(.vector_62)
                0x00000001                ASSERT (((_vector_spacing == 0x0) || (SIZEOF (.vector_62) <= (_vector_spacing << 0x5))), function at exception vector 62 too large)

.vector_63      0x9d01f9e0        0x0
 *(.vector_63)
                0x00000001                ASSERT (((_vector_spacing == 0x0) || (SIZEOF (.vector_63) <= (_vector_spacing << 0x5))), function at exception vector 63 too large)

.startup
 *(.startup)

.text
 *(.stub .gnu.linkonce.t.*)
 *(.text.*personality*)
 *(.mips16.fn.*)
 *(.mips16.call.*)
 *(.gnu.warning)

.rodata         0x9d000000        0x0
 *(.rodata.* .gnu.linkonce.r.*)
 *(.rodata1)
                0x9d000000                . = ALIGN (0x4)

.sdata2         0x9fc00490        0x0
 *(.sdata2 .sdata2.* .gnu.linkonce.s2.*)
                0x9fc00490                . = ALIGN (0x4)

.sbss2          0x9fc00490        0x0
 *(.sbss2 .sbss2.* .gnu.linkonce.sb2.*)
                0x9fc00490                . = ALIGN (0x4)

.eh_frame_hdr
 *(.eh_frame_hdr)

.eh_frame
 *(.eh_frame)

.dbg_data       0xa0000000        0x0
                0xa0000000                . = (. + DEFINED (_DEBUGGER)?0x200:0x0)

.persist        0xa0000000        0x0
                0xa0000000                _persist_begin = .
 *(.persist .persist.*)
                0xa0000000                . = ALIGN (0x4)
                0xa0000000                _persist_end = .

.eh_frame       0xa0000000       0x3c
 *(.eh_frame)
 .eh_frame      0xa0000000       0x28 c:/program files (x86)/microchip/mplabc32/v2.02/bin/../lib/gcc/pic32mx/4.5.1\libgcc.a(_udivdi3.o)
 .eh_frame      0xa0000028       0x14 c:/program files (x86)/microchip/mplabc32/v2.02/bin/../lib/gcc/pic32mx/4.5.1\libgcc.a(_umoddi3.o)
                                 0x28 (size before relaxing)
                0xa000003c                . = .
                0xa0008030                _gp = (ALIGN (0x10) + 0x7ff0)

.got
 *(.got.plt)
 *(.got)

.sdata          0xa000003c       0x10
                0xa000003c                _sdata_begin = .
 *(.sdata .sdata.* .gnu.linkonce.s.*)
 .sdata         0xa000003c        0x3 build/default/production/TimeKeeper.o
                0xa000003c                lastEvent_day
                0xa000003d                lastEvent_ID
                0xa000003e                TK_minuteschanged
 *fill*         0xa000003f        0x1 00
 .sdata         0xa0000040        0x2 build/default/production/_ext/2108356922/BTCom.o
                0xa0000040                comRecTimeout
 *fill*         0xa0000042        0x2 00
 .sdata         0xa0000044        0x4 c:/program files (x86)/microchip/mplabc32/v2.02/bin/../lib/gcc/pic32mx/4.5.1/../../../../pic32mx/lib\libc.a(_iob.o)
                0xa0000044                _Files
 .sdata         0xa0000048        0x4 c:/program files (x86)/microchip/mplabc32/v2.02/bin/../lib/gcc/pic32mx/4.5.1/../../../../pic32mx/lib\libc.a(c32_uart.o)
                0xa0000048                __C32_UART
                0xa000004c                _sdata_end = .

.lit8
 *(.lit8)

.lit4
 *(.lit4)
                0xa000004c                . = ALIGN (0x4)
                0xa000004c                _data_end = .
                0xa000004c                _bss_begin = .

.sbss           0xa000004c       0x53
                0xa000004c                _sbss_begin = .
 *(.dynsbss)
 *(.sbss .sbss.* .gnu.linkonce.sb.*)
 .sbss          0xa000004c        0xc build/default/production/UserConsole.o
 .sbss          0xa0000058        0x1 build/default/production/sht3x.o
 *fill*         0xa0000059        0x3 00
 .sbss          0xa000005c        0x8 build/default/production/AutoDuctTestMain.o
 .sbss          0xa0000064        0x1 build/default/production/TimeKeeper.o
                0xa0000064                TimeKeeper_state
 *fill*         0xa0000065        0x3 00
 .sbss          0xa0000068        0x4 build/default/production/Config.o
                0xa0000068                CFG_fragment_changed
 .sbss          0xa000006c        0x1 build/default/production/_ext/2108356922/BTCom.o
                0xa000006c                comRecState
 .sbss          0xa000006d        0x1 build/default/production/_ext/2108356922/M24512.o
 .sbss          0xa000006e        0x2 build/default/production/_ext/2108356922/TaskScheduler.o
                0xa000006e                window
                0xa000006f                underrun
 .sbss          0xa0000070        0x1 c:/program files (x86)/microchip/mplabc32/v2.02/bin/../lib/gcc/pic32mx/4.5.1/../../../../pic32mx/lib\libc.a(_iob.o)
                0xa0000070                _outdone
 *(.scommon)
 .scommon       0xa0000071        0x0 build/default/production/UserConsole.o
 *fill*         0xa0000071        0x3 00
 .scommon       0xa0000074        0x8 build/default/production/FanControl.o
                0xa0000074                samp
 .scommon       0xa000007c       0x17 build/default/production/TimeKeeper.o
                0xa000007c                gDate
                0xa0000084                gLastTime
                0xa0000088                gTime
                0xa000008c                gLastDate
                0xa0000092                MinutesPassed
 *fill*         0xa0000093        0x1 00
 .scommon       0xa0000094        0x4 build/default/production/Config.o
                0xa0000094                cfg_bootcode
 .scommon       0xa0000098        0x7 build/default/production/_ext/2108356922/BTCom.o
                0xa0000098                numComsUsed
                0xa000009a                responseBytes
                0xa000009c                dataCount
                0xa000009e                checksum
                0xa000009f                _sbss_end = .

.bss            0xa00000a0      0xb08
 *(.dynbss)
 *(COMMON)
 COMMON         0xa00000a0      0x190 build/default/production/UserConsole.o
                0xa00000a0                parms
 COMMON         0xa0000230       0x40 build/default/production/LEDFade.o
                0xa0000230                ledFade
 COMMON         0xa0000270      0x100 build/default/production/AutoDuctTestMain.o
                0xa0000270                txt
 COMMON         0xa0000370      0x482 build/default/production/ValveMotionControl.o
                0xa0000370                pwmtable_10_motor
                0xa00003f0                VMCTL
 *fill*         0xa00007f2        0x2 00
 COMMON         0xa00007f4       0x5a build/default/production/FanControl.o
                0xa00007f4                PWMsense
                0xa0000844                FanCTL
 *fill*         0xa000084e        0x2 00
 COMMON         0xa0000850       0x20 build/default/production/DeviceControl.o
                0xa0000850                DevCTL
 COMMON         0xa0000870       0x38 build/default/production/TimeKeeper.o
                0xa0000870                Timeout
 COMMON         0xa00008a8       0xa9 build/default/production/Config.o
                0xa00008a8                CFGventSched
                0xa0000928                CFGbase
 *fill*         0xa0000951        0x3 00
 COMMON         0xa0000954      0x1f1 build/default/production/_ext/2108356922/BTCom.o
                0xa0000954                BTcoms
                0xa0000a44                buffer
 *fill*         0xa0000b45        0x3 00
 COMMON         0xa0000b48       0x60 build/default/production/_ext/2108356922/TaskScheduler.o
                0xa0000b48                Tasks
                0xa0000ba8                . = ALIGN (0x4)
                0xa0000ba8                . = ALIGN (0x4)
                0xa0000ba8                _end = .
                0xa0000ba8                _bss_end = .
                0x00008000                _bmxdudba_address = 0x8000
                0x00008000                _bmxdupba_address = 0x8000

/DISCARD/
 *(.pdr)
 *(.reginfo)
 *(.rel.dyn)
 *(.note.GNU-stack)
 *(.note.GNU-stack)
 *(.gnu_debuglink)
 *(.gnu.lto_*)
 *(.discard)

.stab
 *(.stab)

.stabstr
 *(.stabstr)

.stab.excl
 *(.stab.excl)

.stab.exclstr
 *(.stab.exclstr)

.stab.index
 *(.stab.index)

.stab.indexstr
 *(.stab.indexstr)

.comment        0x00000000      0x2e2
 *(.comment)
 .comment       0x00000000       0x51 build/default/production/UserConsole.o
                                 0x52 (size before relaxing)
 .comment       0x00000000       0x52 build/default/production/LEDFade.o
 .comment       0x00000000       0x52 build/default/production/sht3x.o
 .comment       0x00000000       0x52 build/default/production/AutoDuctTestMain.o
 .comment       0x00000000       0x52 build/default/production/ValveMotionControl.o
 .comment       0x00000000       0x52 build/default/production/FanControl.o
 .comment       0x00000000       0x52 build/default/production/DeviceControl.o
 .comment       0x00000000       0x52 build/default/production/TimeKeeper.o
 .comment       0x00000000       0x52 build/default/production/Config.o
 .comment       0x00000000       0x52 build/default/production/BTComCallbacksApp.o
 .comment       0x00000000       0x52 build/default/production/RTC_RV3129.o
 .comment       0x00000000       0x52 build/default/production/_ext/2108356922/BTCom.o
 .comment       0x00000000       0x52 build/default/production/_ext/2108356922/CircBuffer.o
 .comment       0x00000000       0x52 build/default/production/_ext/2108356922/Delay.o
 .comment       0x00000000       0x52 build/default/production/_ext/2108356922/M24512.o
 .comment       0x00000000       0x52 build/default/production/_ext/2108356922/NVMem.o
 .comment       0x00000000       0x52 build/default/production/_ext/2108356922/TaskScheduler.o
 .comment       0x00000000       0x52 build/default/production/_ext/2108356922/uart1.o
 .comment       0x00000000       0x52 build/default/production/_ext/2108356922/uart2.o
 .comment       0x00000000       0x52 c:/program files (x86)/microchip/mplabc32/v2.02/bin/../lib/gcc/pic32mx/4.5.1\libgcc.a(floatunsisf.o)
 .comment       0x00000051       0x55 c:/program files (x86)/microchip/mplabc32/v2.02/bin/../lib/gcc/pic32mx/4.5.1/../../../../pic32mx/lib\libc.a(memset.o)
                                 0x56 (size before relaxing)
 .comment       0x000000a6       0x55 c:/program files (x86)/microchip/mplabc32/v2.02/bin/../lib/gcc/pic32mx/4.5.1/../../../../pic32mx/lib\libc.a(strcmp.o)
                                 0x56 (size before relaxing)
 .comment       0x000000fb       0x55 c:/program files (x86)/microchip/mplabc32/v2.02/bin/../lib/gcc/pic32mx/4.5.1/../../../../pic32mx/lib\libc.a(strcpy.o)
                                 0x56 (size before relaxing)
 .comment       0x00000150       0x55 c:/program files (x86)/microchip/mplabc32/v2.02/bin/../lib/gcc/pic32mx/4.5.1/../../../../pic32mx/lib\libc.a(strlen.o)
                                 0x56 (size before relaxing)
 .comment       0x00000000       0x52 c:/program files (x86)/microchip/mplabc32/v2.02/bin/../lib/gcc/pic32mx/4.5.1/../../../../pic32mx/lib\libc.a(atol.o)
 .comment       0x000001a5       0x4e c:/program files (x86)/microchip/mplabc32/v2.02/bin/../lib/gcc/pic32mx/4.5.1/../../../../pic32mx/lib\libc.a(ctype.o)
                                 0xa0 (size before relaxing)
 .comment       0x00000000       0x52 c:/program files (x86)/microchip/mplabc32/v2.02/bin/../lib/gcc/pic32mx/4.5.1/../../../../pic32mx/lib\libc.a(sprintf_cdfFnopsuxX.eo)
 .comment       0x00000000       0x52 c:/program files (x86)/microchip/mplabc32/v2.02/bin/../lib/gcc/pic32mx/4.5.1/../../../../pic32mx/lib\libc.a(default-bootstrap-exception-handler.o)
 .comment       0x00000000       0x52 c:/program files (x86)/microchip/mplabc32/v2.02/bin/../lib/gcc/pic32mx/4.5.1/../../../../pic32mx/lib\libc.a(default-on-reset.o)
 .comment       0x00000000       0x52 c:/program files (x86)/microchip/mplabc32/v2.02/bin/../lib/gcc/pic32mx/4.5.1/../../../../pic32mx/lib\libc.a(default-on-bootstrap.o)
 .comment       0x00000000       0x52 c:/program files (x86)/microchip/mplabc32/v2.02/bin/../lib/gcc/pic32mx/4.5.1/../../../../pic32mx/lib\libc.a(doprnt_cdfFnopsuxX.eo)
 .comment       0x00000000       0x52 c:/program files (x86)/microchip/mplabc32/v2.02/bin/../lib/gcc/pic32mx/4.5.1/../../../../pic32mx/lib\libc.a(_fputc_simple.o)
 .comment       0x00000000       0x52 c:/program files (x86)/microchip/mplabc32/v2.02/bin/../lib/gcc/pic32mx/4.5.1/../../../../pic32mx/lib\libc.a(powers.o)
 .comment       0x00000000       0x52 c:/program files (x86)/microchip/mplabc32/v2.02/bin/../lib/gcc/pic32mx/4.5.1/../../../../pic32mx/lib\libc.a(write.o)
 .comment       0x00000000       0x52 c:/program files (x86)/microchip/mplabc32/v2.02/bin/../lib/gcc/pic32mx/4.5.1/../../../../pic32mx/lib\libc.a(_iob.o)
 .comment       0x00000000       0x52 c:/program files (x86)/microchip/mplabc32/v2.02/bin/../lib/gcc/pic32mx/4.5.1/../../../../pic32mx/lib\libc.a(_flsbuf_simple.o)
 .comment       0x00000000       0x52 c:/program files (x86)/microchip/mplabc32/v2.02/bin/../lib/gcc/pic32mx/4.5.1/../../../../pic32mx/lib\libc.a(_mon_putc.o)
 .comment       0x00000000       0x52 c:/program files (x86)/microchip/mplabc32/v2.02/bin/../lib/gcc/pic32mx/4.5.1/../../../../pic32mx/lib\libc.a(c32_uart.o)
 .comment       0x000001f3       0x9e c:/program files (x86)/microchip/mplabc32/v2.02/bin/../lib/gcc/pic32mx/4.5.1/../../../../pic32mx/lib\libe.a(_floatdisf.o)
                                 0xf0 (size before relaxing)
 .comment       0x00000291       0x51 c:/program files (x86)/microchip/mplabc32/v2.02/bin/../lib/gcc/pic32mx/4.5.1/../../../../pic32mx/lib\libmchp_peripheral.a(read_core_timer_lib.o)
                                 0x52 (size before relaxing)
 .comment       0x00000000       0x52 c:/program files (x86)/microchip/mplabc32/v2.02/bin/../lib/gcc/pic32mx/4.5.1/../../../../pic32mx/lib\libmchp_peripheral.a(write_core_timer_lib.o)
 .comment       0x00000000       0x52 c:/program files (x86)/microchip/mplabc32/v2.02/bin/../lib/gcc/pic32mx/4.5.1/../../../../pic32mx/lib\libmchp_peripheral_32MX150F128B.a(soft_reset_lib.o)
 .comment       0x00000000       0x52 c:/program files (x86)/microchip/mplabc32/v2.02/bin/../lib/gcc/pic32mx/4.5.1/../../../../pic32mx/lib\libmchp_peripheral_32MX150F128B.a(int_configure_system_lib.o)
 .comment       0x00000000       0x52 c:/program files (x86)/microchip/mplabc32/v2.02/bin/../lib/gcc/pic32mx/4.5.1/../../../../pic32mx/lib\libmchp_peripheral_32MX150F128B.a(int_enable_interrupts_lib.o)
 .comment       0x00000000       0x52 c:/program files (x86)/microchip/mplabc32/v2.02/bin/../lib/gcc/pic32mx/4.5.1/../../../../pic32mx/lib\libmchp_peripheral_32MX150F128B.a(int_disable_interrupts_lib.o)
 .comment       0x00000000       0x52 c:/program files (x86)/microchip/mplabc32/v2.02/bin/../lib/gcc/pic32mx/4.5.1/../../../../pic32mx/lib\libmchp_peripheral_32MX150F128B.a(int_restore_interrupts_lib.o)
 .comment       0x00000000       0x52 c:/program files (x86)/microchip/mplabc32/v2.02/bin/../lib/gcc/pic32mx/4.5.1/../../../../pic32mx/lib\libmchp_peripheral_32MX150F128B.a(int_tbl_lib.o)
 .comment       0x00000000       0x52 c:/program files (x86)/microchip/mplabc32/v2.02/bin/../lib/gcc/pic32mx/4.5.1/../../../../pic32mx/lib\libmchp_peripheral_32MX150F128B.a(idle_i2c1_lib_legacy.o)
 .comment       0x00000000       0x52 c:/program files (x86)/microchip/mplabc32/v2.02/bin/../lib/gcc/pic32mx/4.5.1/../../../../pic32mx/lib\libmchp_peripheral_32MX150F128B.a(master_read_i2c1_lib_legacy.o)
 .comment       0x00000000       0x52 c:/program files (x86)/microchip/mplabc32/v2.02/bin/../lib/gcc/pic32mx/4.5.1/../../../../pic32mx/lib\libmchp_peripheral_32MX150F128B.a(master_write_i2c1_lib_legacy.o)
 .comment       0x00000000       0x52 c:/program files (x86)/microchip/mplabc32/v2.02/bin/../lib/gcc/pic32mx/4.5.1\libgcc.a(_floatundisf.o)
 .comment       0x00000000       0x52 c:/program files (x86)/microchip/mplabc32/v2.02/bin/../lib/gcc/pic32mx/4.5.1\libgcc.a(_udivdi3.o)
 .comment       0x00000000       0x52 c:/program files (x86)/microchip/mplabc32/v2.02/bin/../lib/gcc/pic32mx/4.5.1\libgcc.a(_umoddi3.o)

.debug
 *(.debug)

.line
 *(.line)

.debug_srcinfo
 *(.debug_srcinfo)

.debug_sfnames
 *(.debug_sfnames)

.debug_aranges  0x00000000      0x5e8
 *(.debug_aranges)
 .debug_aranges
                0x00000000       0x20 build/default/production/UserConsole.o
 .debug_aranges
                0x00000020       0x20 build/default/production/LEDFade.o
 .debug_aranges
                0x00000040       0x20 build/default/production/sht3x.o
 .debug_aranges
                0x00000060       0x20 build/default/production/AutoDuctTestMain.o
 .debug_aranges
                0x00000080       0x20 build/default/production/ValveMotionControl.o
 .debug_aranges
                0x000000a0       0x20 build/default/production/FanControl.o
 .debug_aranges
                0x000000c0       0x20 build/default/production/DeviceControl.o
 .debug_aranges
                0x000000e0       0x20 build/default/production/TimeKeeper.o
 .debug_aranges
                0x00000100       0x20 build/default/production/Config.o
 .debug_aranges
                0x00000120       0x20 build/default/production/BTComCallbacksApp.o
 .debug_aranges
                0x00000140       0x20 build/default/production/RTC_RV3129.o
 .debug_aranges
                0x00000160       0x20 build/default/production/_ext/2108356922/BTCom.o
 .debug_aranges
                0x00000180       0x20 build/default/production/_ext/2108356922/CircBuffer.o
 .debug_aranges
                0x000001a0       0x20 build/default/production/_ext/2108356922/Delay.o
 .debug_aranges
                0x000001c0       0x20 build/default/production/_ext/2108356922/M24512.o
 .debug_aranges
                0x000001e0       0x20 build/default/production/_ext/2108356922/NVMem.o
 .debug_aranges
                0x00000200       0x20 build/default/production/_ext/2108356922/TaskScheduler.o
 .debug_aranges
                0x00000220       0x20 build/default/production/_ext/2108356922/uart1.o
 .debug_aranges
                0x00000240       0x20 build/default/production/_ext/2108356922/uart2.o
 .debug_aranges
                0x00000260       0x20 c:/program files (x86)/microchip/mplabc32/v2.02/bin/../lib/gcc/pic32mx/4.5.1\libgcc.a(floatunsisf.o)
 .debug_aranges
                0x00000280       0x20 c:/program files (x86)/microchip/mplabc32/v2.02/bin/../lib/gcc/pic32mx/4.5.1/../../../../pic32mx/lib\libc.a(atol.o)
 .debug_aranges
                0x000002a0       0x20 c:/program files (x86)/microchip/mplabc32/v2.02/bin/../lib/gcc/pic32mx/4.5.1/../../../../pic32mx/lib\libc.a(sprintf_cdfFnopsuxX.eo)
 .debug_aranges
                0x000002c0       0x20 c:/program files (x86)/microchip/mplabc32/v2.02/bin/../lib/gcc/pic32mx/4.5.1/../../../../pic32mx/lib\libc.a(default-bootstrap-exception-handler.o)
 .debug_aranges
                0x000002e0       0x20 c:/program files (x86)/microchip/mplabc32/v2.02/bin/../lib/gcc/pic32mx/4.5.1/../../../../pic32mx/lib\libc.a(default-on-reset.o)
 .debug_aranges
                0x00000300       0x20 c:/program files (x86)/microchip/mplabc32/v2.02/bin/../lib/gcc/pic32mx/4.5.1/../../../../pic32mx/lib\libc.a(default-on-bootstrap.o)
 .debug_aranges
                0x00000320       0x28 c:/program files (x86)/microchip/mplabc32/v2.02/bin/../lib/gcc/pic32mx/4.5.1/../../../../pic32mx/lib\libc.a(doprnt_cdfFnopsuxX.eo)
 .debug_aranges
                0x00000348       0x20 c:/program files (x86)/microchip/mplabc32/v2.02/bin/../lib/gcc/pic32mx/4.5.1/../../../../pic32mx/lib\libc.a(_fputc_simple.o)
 .debug_aranges
                0x00000368       0x20 c:/program files (x86)/microchip/mplabc32/v2.02/bin/../lib/gcc/pic32mx/4.5.1/../../../../pic32mx/lib\libc.a(write.o)
 .debug_aranges
                0x00000388       0x20 c:/program files (x86)/microchip/mplabc32/v2.02/bin/../lib/gcc/pic32mx/4.5.1/../../../../pic32mx/lib\libc.a(_flsbuf_simple.o)
 .debug_aranges
                0x000003a8       0x20 c:/program files (x86)/microchip/mplabc32/v2.02/bin/../lib/gcc/pic32mx/4.5.1/../../../../pic32mx/lib\libc.a(_mon_putc.o)
 .debug_aranges
                0x000003c8       0x20 c:/program files (x86)/microchip/mplabc32/v2.02/bin/../lib/gcc/pic32mx/4.5.1/../../../../pic32mx/lib\libe.a(_floatdisf.o)
 .debug_aranges
                0x000003e8       0x20 c:/program files (x86)/microchip/mplabc32/v2.02/bin/../lib/gcc/pic32mx/4.5.1/../../../../pic32mx/lib\libmchp_peripheral.a(read_core_timer_lib.o)
 .debug_aranges
                0x00000408       0x20 c:/program files (x86)/microchip/mplabc32/v2.02/bin/../lib/gcc/pic32mx/4.5.1/../../../../pic32mx/lib\libmchp_peripheral.a(write_core_timer_lib.o)
 .debug_aranges
                0x00000428       0x20 c:/program files (x86)/microchip/mplabc32/v2.02/bin/../lib/gcc/pic32mx/4.5.1/../../../../pic32mx/lib\libmchp_peripheral_32MX150F128B.a(soft_reset_lib.o)
 .debug_aranges
                0x00000448       0x20 c:/program files (x86)/microchip/mplabc32/v2.02/bin/../lib/gcc/pic32mx/4.5.1/../../../../pic32mx/lib\libmchp_peripheral_32MX150F128B.a(int_configure_system_lib.o)
 .debug_aranges
                0x00000468       0x20 c:/program files (x86)/microchip/mplabc32/v2.02/bin/../lib/gcc/pic32mx/4.5.1/../../../../pic32mx/lib\libmchp_peripheral_32MX150F128B.a(int_enable_interrupts_lib.o)
 .debug_aranges
                0x00000488       0x20 c:/program files (x86)/microchip/mplabc32/v2.02/bin/../lib/gcc/pic32mx/4.5.1/../../../../pic32mx/lib\libmchp_peripheral_32MX150F128B.a(int_disable_interrupts_lib.o)
 .debug_aranges
                0x000004a8       0x20 c:/program files (x86)/microchip/mplabc32/v2.02/bin/../lib/gcc/pic32mx/4.5.1/../../../../pic32mx/lib\libmchp_peripheral_32MX150F128B.a(int_restore_interrupts_lib.o)
 .debug_aranges
                0x000004c8       0x60 c:/program files (x86)/microchip/mplabc32/v2.02/bin/../lib/gcc/pic32mx/4.5.1/../../../../pic32mx/lib\libmchp_peripheral_32MX150F128B.a(int_tbl_lib.o)
 .debug_aranges
                0x00000528       0x20 c:/program files (x86)/microchip/mplabc32/v2.02/bin/../lib/gcc/pic32mx/4.5.1/../../../../pic32mx/lib\libmchp_peripheral_32MX150F128B.a(idle_i2c1_lib_legacy.o)
 .debug_aranges
                0x00000548       0x20 c:/program files (x86)/microchip/mplabc32/v2.02/bin/../lib/gcc/pic32mx/4.5.1/../../../../pic32mx/lib\libmchp_peripheral_32MX150F128B.a(master_read_i2c1_lib_legacy.o)
 .debug_aranges
                0x00000568       0x20 c:/program files (x86)/microchip/mplabc32/v2.02/bin/../lib/gcc/pic32mx/4.5.1/../../../../pic32mx/lib\libmchp_peripheral_32MX150F128B.a(master_write_i2c1_lib_legacy.o)
 .debug_aranges
                0x00000588       0x20 c:/program files (x86)/microchip/mplabc32/v2.02/bin/../lib/gcc/pic32mx/4.5.1\libgcc.a(_floatundisf.o)
 .debug_aranges
                0x000005a8       0x20 c:/program files (x86)/microchip/mplabc32/v2.02/bin/../lib/gcc/pic32mx/4.5.1\libgcc.a(_udivdi3.o)
 .debug_aranges
                0x000005c8       0x20 c:/program files (x86)/microchip/mplabc32/v2.02/bin/../lib/gcc/pic32mx/4.5.1\libgcc.a(_umoddi3.o)

.debug_pubnames
                0x00000000     0x1f5f
 *(.debug_pubnames)
 .debug_pubnames
                0x00000000       0xb6 build/default/production/UserConsole.o
 .debug_pubnames
                0x000000b6      0x295 build/default/production/LEDFade.o
 .debug_pubnames
                0x0000034b      0x202 build/default/production/sht3x.o
 .debug_pubnames
                0x0000054d       0x78 build/default/production/AutoDuctTestMain.o
 .debug_pubnames
                0x000005c5      0x2be build/default/production/ValveMotionControl.o
 .debug_pubnames
                0x00000883      0x1d4 build/default/production/FanControl.o
 .debug_pubnames
                0x00000a57      0x1eb build/default/production/DeviceControl.o
 .debug_pubnames
                0x00000c42      0x35b build/default/production/TimeKeeper.o
 .debug_pubnames
                0x00000f9d      0x1f5 build/default/production/Config.o
 .debug_pubnames
                0x00001192      0x167 build/default/production/BTComCallbacksApp.o
 .debug_pubnames
                0x000012f9       0xf3 build/default/production/RTC_RV3129.o
 .debug_pubnames
                0x000013ec      0x12d build/default/production/_ext/2108356922/BTCom.o
 .debug_pubnames
                0x00001519       0x8e build/default/production/_ext/2108356922/CircBuffer.o
 .debug_pubnames
                0x000015a7       0x2c build/default/production/_ext/2108356922/Delay.o
 .debug_pubnames
                0x000015d3       0x70 build/default/production/_ext/2108356922/M24512.o
 .debug_pubnames
                0x00001643       0x93 build/default/production/_ext/2108356922/NVMem.o
 .debug_pubnames
                0x000016d6       0xfc build/default/production/_ext/2108356922/TaskScheduler.o
 .debug_pubnames
                0x000017d2      0x19f build/default/production/_ext/2108356922/uart1.o
 .debug_pubnames
                0x00001971      0x19f build/default/production/_ext/2108356922/uart2.o
 .debug_pubnames
                0x00001b10       0x24 c:/program files (x86)/microchip/mplabc32/v2.02/bin/../lib/gcc/pic32mx/4.5.1\libgcc.a(floatunsisf.o)
 .debug_pubnames
                0x00001b34       0x1b c:/program files (x86)/microchip/mplabc32/v2.02/bin/../lib/gcc/pic32mx/4.5.1/../../../../pic32mx/lib\libc.a(atol.o)
 .debug_pubnames
                0x00001b4f       0x2b c:/program files (x86)/microchip/mplabc32/v2.02/bin/../lib/gcc/pic32mx/4.5.1/../../../../pic32mx/lib\libc.a(sprintf_cdfFnopsuxX.eo)
 .debug_pubnames
                0x00001b7a       0x33 c:/program files (x86)/microchip/mplabc32/v2.02/bin/../lib/gcc/pic32mx/4.5.1/../../../../pic32mx/lib\libc.a(default-bootstrap-exception-handler.o)
 .debug_pubnames
                0x00001bad       0x20 c:/program files (x86)/microchip/mplabc32/v2.02/bin/../lib/gcc/pic32mx/4.5.1/../../../../pic32mx/lib\libc.a(default-on-reset.o)
 .debug_pubnames
                0x00001bcd       0x24 c:/program files (x86)/microchip/mplabc32/v2.02/bin/../lib/gcc/pic32mx/4.5.1/../../../../pic32mx/lib\libc.a(default-on-bootstrap.o)
 .debug_pubnames
                0x00001bf1       0x2c c:/program files (x86)/microchip/mplabc32/v2.02/bin/../lib/gcc/pic32mx/4.5.1/../../../../pic32mx/lib\libc.a(doprnt_cdfFnopsuxX.eo)
 .debug_pubnames
                0x00001c1d       0x1c c:/program files (x86)/microchip/mplabc32/v2.02/bin/../lib/gcc/pic32mx/4.5.1/../../../../pic32mx/lib\libc.a(_fputc_simple.o)
 .debug_pubnames
                0x00001c39       0x1c c:/program files (x86)/microchip/mplabc32/v2.02/bin/../lib/gcc/pic32mx/4.5.1/../../../../pic32mx/lib\libc.a(write.o)
 .debug_pubnames
                0x00001c55       0x1e c:/program files (x86)/microchip/mplabc32/v2.02/bin/../lib/gcc/pic32mx/4.5.1/../../../../pic32mx/lib\libc.a(_flsbuf_simple.o)
 .debug_pubnames
                0x00001c73       0x20 c:/program files (x86)/microchip/mplabc32/v2.02/bin/../lib/gcc/pic32mx/4.5.1/../../../../pic32mx/lib\libc.a(_mon_putc.o)
 .debug_pubnames
                0x00001c93       0x22 c:/program files (x86)/microchip/mplabc32/v2.02/bin/../lib/gcc/pic32mx/4.5.1/../../../../pic32mx/lib\libe.a(_floatdisf.o)
 .debug_pubnames
                0x00001cb5       0x24 c:/program files (x86)/microchip/mplabc32/v2.02/bin/../lib/gcc/pic32mx/4.5.1/../../../../pic32mx/lib\libmchp_peripheral.a(read_core_timer_lib.o)
 .debug_pubnames
                0x00001cd9       0x25 c:/program files (x86)/microchip/mplabc32/v2.02/bin/../lib/gcc/pic32mx/4.5.1/../../../../pic32mx/lib\libmchp_peripheral.a(write_core_timer_lib.o)
 .debug_pubnames
                0x00001cfe       0x20 c:/program files (x86)/microchip/mplabc32/v2.02/bin/../lib/gcc/pic32mx/4.5.1/../../../../pic32mx/lib\libmchp_peripheral_32MX150F128B.a(soft_reset_lib.o)
 .debug_pubnames
                0x00001d1e       0x29 c:/program files (x86)/microchip/mplabc32/v2.02/bin/../lib/gcc/pic32mx/4.5.1/../../../../pic32mx/lib\libmchp_peripheral_32MX150F128B.a(int_configure_system_lib.o)
 .debug_pubnames
                0x00001d47       0x2a c:/program files (x86)/microchip/mplabc32/v2.02/bin/../lib/gcc/pic32mx/4.5.1/../../../../pic32mx/lib\libmchp_peripheral_32MX150F128B.a(int_enable_interrupts_lib.o)
 .debug_pubnames
                0x00001d71       0x2b c:/program files (x86)/microchip/mplabc32/v2.02/bin/../lib/gcc/pic32mx/4.5.1/../../../../pic32mx/lib\libmchp_peripheral_32MX150F128B.a(int_disable_interrupts_lib.o)
 .debug_pubnames
                0x00001d9c       0x2b c:/program files (x86)/microchip/mplabc32/v2.02/bin/../lib/gcc/pic32mx/4.5.1/../../../../pic32mx/lib\libmchp_peripheral_32MX150F128B.a(int_restore_interrupts_lib.o)
 .debug_pubnames
                0x00001dc7       0xca c:/program files (x86)/microchip/mplabc32/v2.02/bin/../lib/gcc/pic32mx/4.5.1/../../../../pic32mx/lib\libmchp_peripheral_32MX150F128B.a(int_tbl_lib.o)
 .debug_pubnames
                0x00001e91       0x1f c:/program files (x86)/microchip/mplabc32/v2.02/bin/../lib/gcc/pic32mx/4.5.1/../../../../pic32mx/lib\libmchp_peripheral_32MX150F128B.a(idle_i2c1_lib_legacy.o)
 .debug_pubnames
                0x00001eb0       0x25 c:/program files (x86)/microchip/mplabc32/v2.02/bin/../lib/gcc/pic32mx/4.5.1/../../../../pic32mx/lib\libmchp_peripheral_32MX150F128B.a(master_read_i2c1_lib_legacy.o)
 .debug_pubnames
                0x00001ed5       0x26 c:/program files (x86)/microchip/mplabc32/v2.02/bin/../lib/gcc/pic32mx/4.5.1/../../../../pic32mx/lib\libmchp_peripheral_32MX150F128B.a(master_write_i2c1_lib_legacy.o)
 .debug_pubnames
                0x00001efb       0x24 c:/program files (x86)/microchip/mplabc32/v2.02/bin/../lib/gcc/pic32mx/4.5.1\libgcc.a(_floatundisf.o)
 .debug_pubnames
                0x00001f1f       0x20 c:/program files (x86)/microchip/mplabc32/v2.02/bin/../lib/gcc/pic32mx/4.5.1\libgcc.a(_udivdi3.o)
 .debug_pubnames
                0x00001f3f       0x20 c:/program files (x86)/microchip/mplabc32/v2.02/bin/../lib/gcc/pic32mx/4.5.1\libgcc.a(_umoddi3.o)

.debug_info     0x00000000    0x22e0f
 *(.debug_info .gnu.linkonce.wi.*)
 .debug_info    0x00000000     0x173a build/default/production/UserConsole.o
 .debug_info    0x0000173a     0x1b70 build/default/production/LEDFade.o
 .debug_info    0x000032aa     0x24be build/default/production/sht3x.o
 .debug_info    0x00005768     0x25fd build/default/production/AutoDuctTestMain.o
 .debug_info    0x00007d65     0x2b3e build/default/production/ValveMotionControl.o
 .debug_info    0x0000a8a3     0x2231 build/default/production/FanControl.o
 .debug_info    0x0000cad4     0x1b9c build/default/production/DeviceControl.o
 .debug_info    0x0000e670     0x217d build/default/production/TimeKeeper.o
 .debug_info    0x000107ed     0x179f build/default/production/Config.o
 .debug_info    0x00011f8c     0x14e3 build/default/production/BTComCallbacksApp.o
 .debug_info    0x0001346f     0x1371 build/default/production/RTC_RV3129.o
 .debug_info    0x000147e0     0x1497 build/default/production/_ext/2108356922/BTCom.o
 .debug_info    0x00015c77     0x10ee build/default/production/_ext/2108356922/CircBuffer.o
 .debug_info    0x00016d65      0xfab build/default/production/_ext/2108356922/Delay.o
 .debug_info    0x00017d10     0x12b5 build/default/production/_ext/2108356922/M24512.o
 .debug_info    0x00018fc5     0x12a9 build/default/production/_ext/2108356922/NVMem.o
 .debug_info    0x0001a26e     0x1b17 build/default/production/_ext/2108356922/TaskScheduler.o
 .debug_info    0x0001bd85     0x24dd build/default/production/_ext/2108356922/uart1.o
 .debug_info    0x0001e262     0x24dd build/default/production/_ext/2108356922/uart2.o
 .debug_info    0x0002073f      0x188 c:/program files (x86)/microchip/mplabc32/v2.02/bin/../lib/gcc/pic32mx/4.5.1\libgcc.a(floatunsisf.o)
 .debug_info    0x000208c7       0xcd c:/program files (x86)/microchip/mplabc32/v2.02/bin/../lib/gcc/pic32mx/4.5.1/../../../../pic32mx/lib\libc.a(atol.o)
 .debug_info    0x00020994        0x0 c:/program files (x86)/microchip/mplabc32/v2.02/bin/../lib/gcc/pic32mx/4.5.1/../../../../pic32mx/lib\libc.a(ctype.o)
 .debug_info    0x00020994       0xe7 c:/program files (x86)/microchip/mplabc32/v2.02/bin/../lib/gcc/pic32mx/4.5.1/../../../../pic32mx/lib\libc.a(sprintf_cdfFnopsuxX.eo)
 .debug_info    0x00020a7b      0x106 c:/program files (x86)/microchip/mplabc32/v2.02/bin/../lib/gcc/pic32mx/4.5.1/../../../../pic32mx/lib\libc.a(default-bootstrap-exception-handler.o)
 .debug_info    0x00020b81       0xe0 c:/program files (x86)/microchip/mplabc32/v2.02/bin/../lib/gcc/pic32mx/4.5.1/../../../../pic32mx/lib\libc.a(default-on-reset.o)
 .debug_info    0x00020c61       0xe8 c:/program files (x86)/microchip/mplabc32/v2.02/bin/../lib/gcc/pic32mx/4.5.1/../../../../pic32mx/lib\libc.a(default-on-bootstrap.o)
 .debug_info    0x00020d49      0x108 c:/program files (x86)/microchip/mplabc32/v2.02/bin/../lib/gcc/pic32mx/4.5.1/../../../../pic32mx/lib\libc.a(doprnt_cdfFnopsuxX.eo)
 .debug_info    0x00020e51       0xd6 c:/program files (x86)/microchip/mplabc32/v2.02/bin/../lib/gcc/pic32mx/4.5.1/../../../../pic32mx/lib\libc.a(_fputc_simple.o)
 .debug_info    0x00020f27        0x0 c:/program files (x86)/microchip/mplabc32/v2.02/bin/../lib/gcc/pic32mx/4.5.1/../../../../pic32mx/lib\libc.a(powers.o)
 .debug_info    0x00020f27       0xd1 c:/program files (x86)/microchip/mplabc32/v2.02/bin/../lib/gcc/pic32mx/4.5.1/../../../../pic32mx/lib\libc.a(write.o)
 .debug_info    0x00020ff8        0x0 c:/program files (x86)/microchip/mplabc32/v2.02/bin/../lib/gcc/pic32mx/4.5.1/../../../../pic32mx/lib\libc.a(_iob.o)
 .debug_info    0x00020ff8       0xd9 c:/program files (x86)/microchip/mplabc32/v2.02/bin/../lib/gcc/pic32mx/4.5.1/../../../../pic32mx/lib\libc.a(_flsbuf_simple.o)
 .debug_info    0x000210d1       0xd9 c:/program files (x86)/microchip/mplabc32/v2.02/bin/../lib/gcc/pic32mx/4.5.1/../../../../pic32mx/lib\libc.a(_mon_putc.o)
 .debug_info    0x000211aa        0x0 c:/program files (x86)/microchip/mplabc32/v2.02/bin/../lib/gcc/pic32mx/4.5.1/../../../../pic32mx/lib\libc.a(c32_uart.o)
 .debug_info    0x000211aa       0xf3 c:/program files (x86)/microchip/mplabc32/v2.02/bin/../lib/gcc/pic32mx/4.5.1/../../../../pic32mx/lib\libe.a(_floatdisf.o)
 .debug_info    0x0002129d       0xbf c:/program files (x86)/microchip/mplabc32/v2.02/bin/../lib/gcc/pic32mx/4.5.1/../../../../pic32mx/lib\libmchp_peripheral.a(read_core_timer_lib.o)
 .debug_info    0x0002135c       0xc1 c:/program files (x86)/microchip/mplabc32/v2.02/bin/../lib/gcc/pic32mx/4.5.1/../../../../pic32mx/lib\libmchp_peripheral.a(write_core_timer_lib.o)
 .debug_info    0x0002141d       0xc7 c:/program files (x86)/microchip/mplabc32/v2.02/bin/../lib/gcc/pic32mx/4.5.1/../../../../pic32mx/lib\libmchp_peripheral_32MX150F128B.a(soft_reset_lib.o)
 .debug_info    0x000214e4       0xc7 c:/program files (x86)/microchip/mplabc32/v2.02/bin/../lib/gcc/pic32mx/4.5.1/../../../../pic32mx/lib\libmchp_peripheral_32MX150F128B.a(int_configure_system_lib.o)
 .debug_info    0x000215ab       0xc9 c:/program files (x86)/microchip/mplabc32/v2.02/bin/../lib/gcc/pic32mx/4.5.1/../../../../pic32mx/lib\libmchp_peripheral_32MX150F128B.a(int_enable_interrupts_lib.o)
 .debug_info    0x00021674       0xcb c:/program files (x86)/microchip/mplabc32/v2.02/bin/../lib/gcc/pic32mx/4.5.1/../../../../pic32mx/lib\libmchp_peripheral_32MX150F128B.a(int_disable_interrupts_lib.o)
 .debug_info    0x0002173f       0xcb c:/program files (x86)/microchip/mplabc32/v2.02/bin/../lib/gcc/pic32mx/4.5.1/../../../../pic32mx/lib\libmchp_peripheral_32MX150F128B.a(int_restore_interrupts_lib.o)
 .debug_info    0x0002180a      0x1ab c:/program files (x86)/microchip/mplabc32/v2.02/bin/../lib/gcc/pic32mx/4.5.1/../../../../pic32mx/lib\libmchp_peripheral_32MX150F128B.a(int_tbl_lib.o)
 .debug_info    0x000219b5       0xb9 c:/program files (x86)/microchip/mplabc32/v2.02/bin/../lib/gcc/pic32mx/4.5.1/../../../../pic32mx/lib\libmchp_peripheral_32MX150F128B.a(idle_i2c1_lib_legacy.o)
 .debug_info    0x00021a6e       0xc6 c:/program files (x86)/microchip/mplabc32/v2.02/bin/../lib/gcc/pic32mx/4.5.1/../../../../pic32mx/lib\libmchp_peripheral_32MX150F128B.a(master_read_i2c1_lib_legacy.o)
 .debug_info    0x00021b34       0xc8 c:/program files (x86)/microchip/mplabc32/v2.02/bin/../lib/gcc/pic32mx/4.5.1/../../../../pic32mx/lib\libmchp_peripheral_32MX150F128B.a(master_write_i2c1_lib_legacy.o)
 .debug_info    0x00021bfc      0x2d0 c:/program files (x86)/microchip/mplabc32/v2.02/bin/../lib/gcc/pic32mx/4.5.1\libgcc.a(_floatundisf.o)
 .debug_info    0x00021ecc      0x783 c:/program files (x86)/microchip/mplabc32/v2.02/bin/../lib/gcc/pic32mx/4.5.1\libgcc.a(_udivdi3.o)
 .debug_info    0x0002264f      0x7c0 c:/program files (x86)/microchip/mplabc32/v2.02/bin/../lib/gcc/pic32mx/4.5.1\libgcc.a(_umoddi3.o)

.debug_abbrev   0x00000000     0x3d05
 *(.debug_abbrev)
 .debug_abbrev  0x00000000      0x347 build/default/production/UserConsole.o
 .debug_abbrev  0x00000347      0x22f build/default/production/LEDFade.o
 .debug_abbrev  0x00000576      0x3fb build/default/production/sht3x.o
 .debug_abbrev  0x00000971      0x3d4 build/default/production/AutoDuctTestMain.o
 .debug_abbrev  0x00000d45      0x3cb build/default/production/ValveMotionControl.o
 .debug_abbrev  0x00001110      0x2cb build/default/production/FanControl.o
 .debug_abbrev  0x000013db      0x32a build/default/production/DeviceControl.o
 .debug_abbrev  0x00001705      0x3d5 build/default/production/TimeKeeper.o
 .debug_abbrev  0x00001ada      0x2c2 build/default/production/Config.o
 .debug_abbrev  0x00001d9c      0x25c build/default/production/BTComCallbacksApp.o
 .debug_abbrev  0x00001ff8      0x283 build/default/production/RTC_RV3129.o
 .debug_abbrev  0x0000227b      0x301 build/default/production/_ext/2108356922/BTCom.o
 .debug_abbrev  0x0000257c      0x1cc build/default/production/_ext/2108356922/CircBuffer.o
 .debug_abbrev  0x00002748      0x1aa build/default/production/_ext/2108356922/Delay.o
 .debug_abbrev  0x000028f2      0x1fd build/default/production/_ext/2108356922/M24512.o
 .debug_abbrev  0x00002aef      0x2c8 build/default/production/_ext/2108356922/NVMem.o
 .debug_abbrev  0x00002db7      0x245 build/default/production/_ext/2108356922/TaskScheduler.o
 .debug_abbrev  0x00002ffc      0x311 build/default/production/_ext/2108356922/uart1.o
 .debug_abbrev  0x0000330d      0x311 build/default/production/_ext/2108356922/uart2.o
 .debug_abbrev  0x0000361e       0x61 c:/program files (x86)/microchip/mplabc32/v2.02/bin/../lib/gcc/pic32mx/4.5.1\libgcc.a(floatunsisf.o)
 .debug_abbrev  0x0000367f       0x25 c:/program files (x86)/microchip/mplabc32/v2.02/bin/../lib/gcc/pic32mx/4.5.1/../../../../pic32mx/lib\libc.a(atol.o)
 .debug_abbrev  0x000036a4        0x1 c:/program files (x86)/microchip/mplabc32/v2.02/bin/../lib/gcc/pic32mx/4.5.1/../../../../pic32mx/lib\libc.a(ctype.o)
 .debug_abbrev  0x000036a5       0x27 c:/program files (x86)/microchip/mplabc32/v2.02/bin/../lib/gcc/pic32mx/4.5.1/../../../../pic32mx/lib\libc.a(sprintf_cdfFnopsuxX.eo)
 .debug_abbrev  0x000036cc       0x25 c:/program files (x86)/microchip/mplabc32/v2.02/bin/../lib/gcc/pic32mx/4.5.1/../../../../pic32mx/lib\libc.a(default-bootstrap-exception-handler.o)
 .debug_abbrev  0x000036f1       0x25 c:/program files (x86)/microchip/mplabc32/v2.02/bin/../lib/gcc/pic32mx/4.5.1/../../../../pic32mx/lib\libc.a(default-on-reset.o)
 .debug_abbrev  0x00003716       0x25 c:/program files (x86)/microchip/mplabc32/v2.02/bin/../lib/gcc/pic32mx/4.5.1/../../../../pic32mx/lib\libc.a(default-on-bootstrap.o)
 .debug_abbrev  0x0000373b       0x45 c:/program files (x86)/microchip/mplabc32/v2.02/bin/../lib/gcc/pic32mx/4.5.1/../../../../pic32mx/lib\libc.a(doprnt_cdfFnopsuxX.eo)
 .debug_abbrev  0x00003780       0x27 c:/program files (x86)/microchip/mplabc32/v2.02/bin/../lib/gcc/pic32mx/4.5.1/../../../../pic32mx/lib\libc.a(_fputc_simple.o)
 .debug_abbrev  0x000037a7        0x1 c:/program files (x86)/microchip/mplabc32/v2.02/bin/../lib/gcc/pic32mx/4.5.1/../../../../pic32mx/lib\libc.a(powers.o)
 .debug_abbrev  0x000037a8       0x25 c:/program files (x86)/microchip/mplabc32/v2.02/bin/../lib/gcc/pic32mx/4.5.1/../../../../pic32mx/lib\libc.a(write.o)
 .debug_abbrev  0x000037cd        0x1 c:/program files (x86)/microchip/mplabc32/v2.02/bin/../lib/gcc/pic32mx/4.5.1/../../../../pic32mx/lib\libc.a(_iob.o)
 .debug_abbrev  0x000037ce       0x27 c:/program files (x86)/microchip/mplabc32/v2.02/bin/../lib/gcc/pic32mx/4.5.1/../../../../pic32mx/lib\libc.a(_flsbuf_simple.o)
 .debug_abbrev  0x000037f5       0x25 c:/program files (x86)/microchip/mplabc32/v2.02/bin/../lib/gcc/pic32mx/4.5.1/../../../../pic32mx/lib\libc.a(_mon_putc.o)
 .debug_abbrev  0x0000381a        0x1 c:/program files (x86)/microchip/mplabc32/v2.02/bin/../lib/gcc/pic32mx/4.5.1/../../../../pic32mx/lib\libc.a(c32_uart.o)
 .debug_abbrev  0x0000381b       0x32 c:/program files (x86)/microchip/mplabc32/v2.02/bin/../lib/gcc/pic32mx/4.5.1/../../../../pic32mx/lib\libe.a(_floatdisf.o)
 .debug_abbrev  0x0000384d       0x25 c:/program files (x86)/microchip/mplabc32/v2.02/bin/../lib/gcc/pic32mx/4.5.1/../../../../pic32mx/lib\libmchp_peripheral.a(read_core_timer_lib.o)
 .debug_abbrev  0x00003872       0x25 c:/program files (x86)/microchip/mplabc32/v2.02/bin/../lib/gcc/pic32mx/4.5.1/../../../../pic32mx/lib\libmchp_peripheral.a(write_core_timer_lib.o)
 .debug_abbrev  0x00003897       0x34 c:/program files (x86)/microchip/mplabc32/v2.02/bin/../lib/gcc/pic32mx/4.5.1/../../../../pic32mx/lib\libmchp_peripheral_32MX150F128B.a(soft_reset_lib.o)
 .debug_abbrev  0x000038cb       0x25 c:/program files (x86)/microchip/mplabc32/v2.02/bin/../lib/gcc/pic32mx/4.5.1/../../../../pic32mx/lib\libmchp_peripheral_32MX150F128B.a(int_configure_system_lib.o)
 .debug_abbrev  0x000038f0       0x25 c:/program files (x86)/microchip/mplabc32/v2.02/bin/../lib/gcc/pic32mx/4.5.1/../../../../pic32mx/lib\libmchp_peripheral_32MX150F128B.a(int_enable_interrupts_lib.o)
 .debug_abbrev  0x00003915       0x25 c:/program files (x86)/microchip/mplabc32/v2.02/bin/../lib/gcc/pic32mx/4.5.1/../../../../pic32mx/lib\libmchp_peripheral_32MX150F128B.a(int_disable_interrupts_lib.o)
 .debug_abbrev  0x0000393a       0x25 c:/program files (x86)/microchip/mplabc32/v2.02/bin/../lib/gcc/pic32mx/4.5.1/../../../../pic32mx/lib\libmchp_peripheral_32MX150F128B.a(int_restore_interrupts_lib.o)
 .debug_abbrev  0x0000395f       0x25 c:/program files (x86)/microchip/mplabc32/v2.02/bin/../lib/gcc/pic32mx/4.5.1/../../../../pic32mx/lib\libmchp_peripheral_32MX150F128B.a(int_tbl_lib.o)
 .debug_abbrev  0x00003984       0x25 c:/program files (x86)/microchip/mplabc32/v2.02/bin/../lib/gcc/pic32mx/4.5.1/../../../../pic32mx/lib\libmchp_peripheral_32MX150F128B.a(idle_i2c1_lib_legacy.o)
 .debug_abbrev  0x000039a9       0x25 c:/program files (x86)/microchip/mplabc32/v2.02/bin/../lib/gcc/pic32mx/4.5.1/../../../../pic32mx/lib\libmchp_peripheral_32MX150F128B.a(master_read_i2c1_lib_legacy.o)
 .debug_abbrev  0x000039ce       0x25 c:/program files (x86)/microchip/mplabc32/v2.02/bin/../lib/gcc/pic32mx/4.5.1/../../../../pic32mx/lib\libmchp_peripheral_32MX150F128B.a(master_write_i2c1_lib_legacy.o)
 .debug_abbrev  0x000039f3       0x79 c:/program files (x86)/microchip/mplabc32/v2.02/bin/../lib/gcc/pic32mx/4.5.1\libgcc.a(_floatundisf.o)
 .debug_abbrev  0x00003a6c      0x13d c:/program files (x86)/microchip/mplabc32/v2.02/bin/../lib/gcc/pic32mx/4.5.1\libgcc.a(_udivdi3.o)
 .debug_abbrev  0x00003ba9      0x15c c:/program files (x86)/microchip/mplabc32/v2.02/bin/../lib/gcc/pic32mx/4.5.1\libgcc.a(_umoddi3.o)

.debug_line     0x00000000     0x3edc
 *(.debug_line)
 .debug_line    0x00000000      0x323 build/default/production/UserConsole.o
 .debug_line    0x00000323      0x260 build/default/production/LEDFade.o
 .debug_line    0x00000583      0x36b build/default/production/sht3x.o
 .debug_line    0x000008ee      0x300 build/default/production/AutoDuctTestMain.o
 .debug_line    0x00000bee      0x333 build/default/production/ValveMotionControl.o
 .debug_line    0x00000f21      0x284 build/default/production/FanControl.o
 .debug_line    0x000011a5      0x35d build/default/production/DeviceControl.o
 .debug_line    0x00001502      0x483 build/default/production/TimeKeeper.o
 .debug_line    0x00001985      0x29c build/default/production/Config.o
 .debug_line    0x00001c21      0x260 build/default/production/BTComCallbacksApp.o
 .debug_line    0x00001e81      0x22e build/default/production/RTC_RV3129.o
 .debug_line    0x000020af      0x30b build/default/production/_ext/2108356922/BTCom.o
 .debug_line    0x000023ba      0x182 build/default/production/_ext/2108356922/CircBuffer.o
 .debug_line    0x0000253c      0x163 build/default/production/_ext/2108356922/Delay.o
 .debug_line    0x0000269f      0x1d5 build/default/production/_ext/2108356922/M24512.o
 .debug_line    0x00002874      0x244 build/default/production/_ext/2108356922/NVMem.o
 .debug_line    0x00002ab8      0x1ed build/default/production/_ext/2108356922/TaskScheduler.o
 .debug_line    0x00002ca5      0x271 build/default/production/_ext/2108356922/uart1.o
 .debug_line    0x00002f16      0x272 build/default/production/_ext/2108356922/uart2.o
 .debug_line    0x00003188       0x6d c:/program files (x86)/microchip/mplabc32/v2.02/bin/../lib/gcc/pic32mx/4.5.1\libgcc.a(floatunsisf.o)
 .debug_line    0x000031f5       0x85 c:/program files (x86)/microchip/mplabc32/v2.02/bin/../lib/gcc/pic32mx/4.5.1/../../../../pic32mx/lib\libc.a(atol.o)
 .debug_line    0x0000327a        0x0 c:/program files (x86)/microchip/mplabc32/v2.02/bin/../lib/gcc/pic32mx/4.5.1/../../../../pic32mx/lib\libc.a(ctype.o)
 .debug_line    0x0000327a       0x31 c:/program files (x86)/microchip/mplabc32/v2.02/bin/../lib/gcc/pic32mx/4.5.1/../../../../pic32mx/lib\libc.a(sprintf_cdfFnopsuxX.eo)
 .debug_line    0x000032ab       0xa6 c:/program files (x86)/microchip/mplabc32/v2.02/bin/../lib/gcc/pic32mx/4.5.1/../../../../pic32mx/lib\libc.a(default-bootstrap-exception-handler.o)
 .debug_line    0x00003351       0x93 c:/program files (x86)/microchip/mplabc32/v2.02/bin/../lib/gcc/pic32mx/4.5.1/../../../../pic32mx/lib\libc.a(default-on-reset.o)
 .debug_line    0x000033e4       0x97 c:/program files (x86)/microchip/mplabc32/v2.02/bin/../lib/gcc/pic32mx/4.5.1/../../../../pic32mx/lib\libc.a(default-on-bootstrap.o)
 .debug_line    0x0000347b       0x30 c:/program files (x86)/microchip/mplabc32/v2.02/bin/../lib/gcc/pic32mx/4.5.1/../../../../pic32mx/lib\libc.a(doprnt_cdfFnopsuxX.eo)
 .debug_line    0x000034ab       0x2f c:/program files (x86)/microchip/mplabc32/v2.02/bin/../lib/gcc/pic32mx/4.5.1/../../../../pic32mx/lib\libc.a(_fputc_simple.o)
 .debug_line    0x000034da        0x0 c:/program files (x86)/microchip/mplabc32/v2.02/bin/../lib/gcc/pic32mx/4.5.1/../../../../pic32mx/lib\libc.a(powers.o)
 .debug_line    0x000034da       0x88 c:/program files (x86)/microchip/mplabc32/v2.02/bin/../lib/gcc/pic32mx/4.5.1/../../../../pic32mx/lib\libc.a(write.o)
 .debug_line    0x00003562        0x0 c:/program files (x86)/microchip/mplabc32/v2.02/bin/../lib/gcc/pic32mx/4.5.1/../../../../pic32mx/lib\libc.a(_iob.o)
 .debug_line    0x00003562       0x30 c:/program files (x86)/microchip/mplabc32/v2.02/bin/../lib/gcc/pic32mx/4.5.1/../../../../pic32mx/lib\libc.a(_flsbuf_simple.o)
 .debug_line    0x00003592       0x8c c:/program files (x86)/microchip/mplabc32/v2.02/bin/../lib/gcc/pic32mx/4.5.1/../../../../pic32mx/lib\libc.a(_mon_putc.o)
 .debug_line    0x0000361e        0x0 c:/program files (x86)/microchip/mplabc32/v2.02/bin/../lib/gcc/pic32mx/4.5.1/../../../../pic32mx/lib\libc.a(c32_uart.o)
 .debug_line    0x0000361e       0xa6 c:/program files (x86)/microchip/mplabc32/v2.02/bin/../lib/gcc/pic32mx/4.5.1/../../../../pic32mx/lib\libe.a(_floatdisf.o)
 .debug_line    0x000036c4       0x6e c:/program files (x86)/microchip/mplabc32/v2.02/bin/../lib/gcc/pic32mx/4.5.1/../../../../pic32mx/lib\libmchp_peripheral.a(read_core_timer_lib.o)
 .debug_line    0x00003732       0x6f c:/program files (x86)/microchip/mplabc32/v2.02/bin/../lib/gcc/pic32mx/4.5.1/../../../../pic32mx/lib\libmchp_peripheral.a(write_core_timer_lib.o)
 .debug_line    0x000037a1       0xbb c:/program files (x86)/microchip/mplabc32/v2.02/bin/../lib/gcc/pic32mx/4.5.1/../../../../pic32mx/lib\libmchp_peripheral_32MX150F128B.a(soft_reset_lib.o)
 .debug_line    0x0000385c       0x71 c:/program files (x86)/microchip/mplabc32/v2.02/bin/../lib/gcc/pic32mx/4.5.1/../../../../pic32mx/lib\libmchp_peripheral_32MX150F128B.a(int_configure_system_lib.o)
 .debug_line    0x000038cd       0x72 c:/program files (x86)/microchip/mplabc32/v2.02/bin/../lib/gcc/pic32mx/4.5.1/../../../../pic32mx/lib\libmchp_peripheral_32MX150F128B.a(int_enable_interrupts_lib.o)
 .debug_line    0x0000393f       0x73 c:/program files (x86)/microchip/mplabc32/v2.02/bin/../lib/gcc/pic32mx/4.5.1/../../../../pic32mx/lib\libmchp_peripheral_32MX150F128B.a(int_disable_interrupts_lib.o)
 .debug_line    0x000039b2       0x73 c:/program files (x86)/microchip/mplabc32/v2.02/bin/../lib/gcc/pic32mx/4.5.1/../../../../pic32mx/lib\libmchp_peripheral_32MX150F128B.a(int_restore_interrupts_lib.o)
 .debug_line    0x00003a25       0x64 c:/program files (x86)/microchip/mplabc32/v2.02/bin/../lib/gcc/pic32mx/4.5.1/../../../../pic32mx/lib\libmchp_peripheral_32MX150F128B.a(int_tbl_lib.o)
 .debug_line    0x00003a89       0x6d c:/program files (x86)/microchip/mplabc32/v2.02/bin/../lib/gcc/pic32mx/4.5.1/../../../../pic32mx/lib\libmchp_peripheral_32MX150F128B.a(idle_i2c1_lib_legacy.o)
 .debug_line    0x00003af6       0x74 c:/program files (x86)/microchip/mplabc32/v2.02/bin/../lib/gcc/pic32mx/4.5.1/../../../../pic32mx/lib\libmchp_peripheral_32MX150F128B.a(master_read_i2c1_lib_legacy.o)
 .debug_line    0x00003b6a       0x75 c:/program files (x86)/microchip/mplabc32/v2.02/bin/../lib/gcc/pic32mx/4.5.1/../../../../pic32mx/lib\libmchp_peripheral_32MX150F128B.a(master_write_i2c1_lib_legacy.o)
 .debug_line    0x00003bdf       0xc3 c:/program files (x86)/microchip/mplabc32/v2.02/bin/../lib/gcc/pic32mx/4.5.1\libgcc.a(_floatundisf.o)
 .debug_line    0x00003ca2      0x112 c:/program files (x86)/microchip/mplabc32/v2.02/bin/../lib/gcc/pic32mx/4.5.1\libgcc.a(_udivdi3.o)
 .debug_line    0x00003db4      0x128 c:/program files (x86)/microchip/mplabc32/v2.02/bin/../lib/gcc/pic32mx/4.5.1\libgcc.a(_umoddi3.o)

.debug_frame    0x00000000     0x1c64
 *(.debug_frame)
 .debug_frame   0x00000000      0x1ec build/default/production/UserConsole.o
 .debug_frame   0x000001ec       0xdc build/default/production/LEDFade.o
 .debug_frame   0x000002c8      0x2c8 build/default/production/sht3x.o
 .debug_frame   0x00000590       0x78 build/default/production/AutoDuctTestMain.o
 .debug_frame   0x00000608      0x26c build/default/production/ValveMotionControl.o
 .debug_frame   0x00000874      0x104 build/default/production/FanControl.o
 .debug_frame   0x00000978      0x17c build/default/production/DeviceControl.o
 .debug_frame   0x00000af4      0x238 build/default/production/TimeKeeper.o
 .debug_frame   0x00000d2c      0x158 build/default/production/Config.o
 .debug_frame   0x00000e84      0x140 build/default/production/BTComCallbacksApp.o
 .debug_frame   0x00000fc4      0x144 build/default/production/RTC_RV3129.o
 .debug_frame   0x00001108       0xf8 build/default/production/_ext/2108356922/BTCom.o
 .debug_frame   0x00001200       0x70 build/default/production/_ext/2108356922/CircBuffer.o
 .debug_frame   0x00001270       0x3c build/default/production/_ext/2108356922/Delay.o
 .debug_frame   0x000012ac       0xa0 build/default/production/_ext/2108356922/M24512.o
 .debug_frame   0x0000134c       0x8c build/default/production/_ext/2108356922/NVMem.o
 .debug_frame   0x000013d8       0xc0 build/default/production/_ext/2108356922/TaskScheduler.o
 .debug_frame   0x00001498      0x1e4 build/default/production/_ext/2108356922/uart1.o
 .debug_frame   0x0000167c      0x1e4 build/default/production/_ext/2108356922/uart2.o
 .debug_frame   0x00001860       0x28 c:/program files (x86)/microchip/mplabc32/v2.02/bin/../lib/gcc/pic32mx/4.5.1\libgcc.a(floatunsisf.o)
 .debug_frame   0x00001888       0x20 c:/program files (x86)/microchip/mplabc32/v2.02/bin/../lib/gcc/pic32mx/4.5.1/../../../../pic32mx/lib\libc.a(atol.o)
 .debug_frame   0x000018a8       0x2c c:/program files (x86)/microchip/mplabc32/v2.02/bin/../lib/gcc/pic32mx/4.5.1/../../../../pic32mx/lib\libc.a(sprintf_cdfFnopsuxX.eo)
 .debug_frame   0x000018d4       0x20 c:/program files (x86)/microchip/mplabc32/v2.02/bin/../lib/gcc/pic32mx/4.5.1/../../../../pic32mx/lib\libc.a(default-bootstrap-exception-handler.o)
 .debug_frame   0x000018f4       0x20 c:/program files (x86)/microchip/mplabc32/v2.02/bin/../lib/gcc/pic32mx/4.5.1/../../../../pic32mx/lib\libc.a(default-on-reset.o)
 .debug_frame   0x00001914       0x20 c:/program files (x86)/microchip/mplabc32/v2.02/bin/../lib/gcc/pic32mx/4.5.1/../../../../pic32mx/lib\libc.a(default-on-bootstrap.o)
 .debug_frame   0x00001934       0x58 c:/program files (x86)/microchip/mplabc32/v2.02/bin/../lib/gcc/pic32mx/4.5.1/../../../../pic32mx/lib\libc.a(doprnt_cdfFnopsuxX.eo)
 .debug_frame   0x0000198c       0x2c c:/program files (x86)/microchip/mplabc32/v2.02/bin/../lib/gcc/pic32mx/4.5.1/../../../../pic32mx/lib\libc.a(_fputc_simple.o)
 .debug_frame   0x000019b8       0x28 c:/program files (x86)/microchip/mplabc32/v2.02/bin/../lib/gcc/pic32mx/4.5.1/../../../../pic32mx/lib\libc.a(write.o)
 .debug_frame   0x000019e0       0x28 c:/program files (x86)/microchip/mplabc32/v2.02/bin/../lib/gcc/pic32mx/4.5.1/../../../../pic32mx/lib\libc.a(_flsbuf_simple.o)
 .debug_frame   0x00001a08       0x20 c:/program files (x86)/microchip/mplabc32/v2.02/bin/../lib/gcc/pic32mx/4.5.1/../../../../pic32mx/lib\libc.a(_mon_putc.o)
 .debug_frame   0x00001a28       0x20 c:/program files (x86)/microchip/mplabc32/v2.02/bin/../lib/gcc/pic32mx/4.5.1/../../../../pic32mx/lib\libe.a(_floatdisf.o)
 .debug_frame   0x00001a48       0x20 c:/program files (x86)/microchip/mplabc32/v2.02/bin/../lib/gcc/pic32mx/4.5.1/../../../../pic32mx/lib\libmchp_peripheral.a(read_core_timer_lib.o)
 .debug_frame   0x00001a68       0x20 c:/program files (x86)/microchip/mplabc32/v2.02/bin/../lib/gcc/pic32mx/4.5.1/../../../../pic32mx/lib\libmchp_peripheral.a(write_core_timer_lib.o)
 .debug_frame   0x00001a88       0x28 c:/program files (x86)/microchip/mplabc32/v2.02/bin/../lib/gcc/pic32mx/4.5.1/../../../../pic32mx/lib\libmchp_peripheral_32MX150F128B.a(soft_reset_lib.o)
 .debug_frame   0x00001ab0       0x20 c:/program files (x86)/microchip/mplabc32/v2.02/bin/../lib/gcc/pic32mx/4.5.1/../../../../pic32mx/lib\libmchp_peripheral_32MX150F128B.a(int_configure_system_lib.o)
 .debug_frame   0x00001ad0       0x20 c:/program files (x86)/microchip/mplabc32/v2.02/bin/../lib/gcc/pic32mx/4.5.1/../../../../pic32mx/lib\libmchp_peripheral_32MX150F128B.a(int_enable_interrupts_lib.o)
 .debug_frame   0x00001af0       0x20 c:/program files (x86)/microchip/mplabc32/v2.02/bin/../lib/gcc/pic32mx/4.5.1/../../../../pic32mx/lib\libmchp_peripheral_32MX150F128B.a(int_disable_interrupts_lib.o)
 .debug_frame   0x00001b10       0x20 c:/program files (x86)/microchip/mplabc32/v2.02/bin/../lib/gcc/pic32mx/4.5.1/../../../../pic32mx/lib\libmchp_peripheral_32MX150F128B.a(int_restore_interrupts_lib.o)
 .debug_frame   0x00001b30       0xa0 c:/program files (x86)/microchip/mplabc32/v2.02/bin/../lib/gcc/pic32mx/4.5.1/../../../../pic32mx/lib\libmchp_peripheral_32MX150F128B.a(int_tbl_lib.o)
 .debug_frame   0x00001bd0       0x20 c:/program files (x86)/microchip/mplabc32/v2.02/bin/../lib/gcc/pic32mx/4.5.1/../../../../pic32mx/lib\libmchp_peripheral_32MX150F128B.a(idle_i2c1_lib_legacy.o)
 .debug_frame   0x00001bf0       0x20 c:/program files (x86)/microchip/mplabc32/v2.02/bin/../lib/gcc/pic32mx/4.5.1/../../../../pic32mx/lib\libmchp_peripheral_32MX150F128B.a(master_read_i2c1_lib_legacy.o)
 .debug_frame   0x00001c10       0x28 c:/program files (x86)/microchip/mplabc32/v2.02/bin/../lib/gcc/pic32mx/4.5.1/../../../../pic32mx/lib\libmchp_peripheral_32MX150F128B.a(master_write_i2c1_lib_legacy.o)
 .debug_frame   0x00001c38       0x2c c:/program files (x86)/microchip/mplabc32/v2.02/bin/../lib/gcc/pic32mx/4.5.1\libgcc.a(_floatundisf.o)

.debug_str      0x00000000     0x185e
 *(.debug_str)
 .debug_str     0x00000000      0x121 build/default/production/UserConsole.o
 .debug_str     0x00000121      0x11e build/default/production/LEDFade.o
 .debug_str     0x0000023f      0x229 build/default/production/sht3x.o
 .debug_str     0x00000468      0x1ed build/default/production/AutoDuctTestMain.o
 .debug_str     0x00000655      0x193 build/default/production/ValveMotionControl.o
 .debug_str     0x000007e8      0x175 build/default/production/FanControl.o
 .debug_str     0x0000095d      0x134 build/default/production/DeviceControl.o
 .debug_str     0x00000a91      0x186 build/default/production/TimeKeeper.o
 .debug_str     0x00000c17      0x175 build/default/production/Config.o
 .debug_str     0x00000d8c      0x126 build/default/production/BTComCallbacksApp.o
 .debug_str     0x00000eb2      0x111 build/default/production/RTC_RV3129.o
 .debug_str     0x00000fc3      0x15a build/default/production/_ext/2108356922/BTCom.o
 .debug_str     0x0000111d       0xe2 build/default/production/_ext/2108356922/CircBuffer.o
 .debug_str     0x000011ff       0xe2 build/default/production/_ext/2108356922/Delay.o
 .debug_str     0x000012e1      0x10f build/default/production/_ext/2108356922/M24512.o
 .debug_str     0x000013f0      0x11a build/default/production/_ext/2108356922/NVMem.o
 .debug_str     0x0000150a      0x114 build/default/production/_ext/2108356922/TaskScheduler.o
 .debug_str     0x0000161e      0x120 build/default/production/_ext/2108356922/uart1.o
 .debug_str     0x0000173e      0x120 build/default/production/_ext/2108356922/uart2.o
 .debug_str     0x0000185e        0x0 c:/program files (x86)/microchip/mplabc32/v2.02/bin/../lib/gcc/pic32mx/4.5.1\libgcc.a(floatunsisf.o)
 .debug_str     0x0000185e        0x0 c:/program files (x86)/microchip/mplabc32/v2.02/bin/../lib/gcc/pic32mx/4.5.1/../../../../pic32mx/lib\libc.a(atol.o)
 .debug_str     0x0000185e        0x0 c:/program files (x86)/microchip/mplabc32/v2.02/bin/../lib/gcc/pic32mx/4.5.1/../../../../pic32mx/lib\libc.a(ctype.o)
 .debug_str     0x0000185e        0x0 c:/program files (x86)/microchip/mplabc32/v2.02/bin/../lib/gcc/pic32mx/4.5.1/../../../../pic32mx/lib\libc.a(sprintf_cdfFnopsuxX.eo)
 .debug_str     0x0000185e        0x0 c:/program files (x86)/microchip/mplabc32/v2.02/bin/../lib/gcc/pic32mx/4.5.1/../../../../pic32mx/lib\libc.a(default-bootstrap-exception-handler.o)
 .debug_str     0x0000185e        0x0 c:/program files (x86)/microchip/mplabc32/v2.02/bin/../lib/gcc/pic32mx/4.5.1/../../../../pic32mx/lib\libc.a(default-on-reset.o)
 .debug_str     0x0000185e        0x0 c:/program files (x86)/microchip/mplabc32/v2.02/bin/../lib/gcc/pic32mx/4.5.1/../../../../pic32mx/lib\libc.a(default-on-bootstrap.o)
 .debug_str     0x0000185e        0x0 c:/program files (x86)/microchip/mplabc32/v2.02/bin/../lib/gcc/pic32mx/4.5.1/../../../../pic32mx/lib\libc.a(doprnt_cdfFnopsuxX.eo)
 .debug_str     0x0000185e        0x0 c:/program files (x86)/microchip/mplabc32/v2.02/bin/../lib/gcc/pic32mx/4.5.1/../../../../pic32mx/lib\libc.a(_fputc_simple.o)
 .debug_str     0x0000185e        0x0 c:/program files (x86)/microchip/mplabc32/v2.02/bin/../lib/gcc/pic32mx/4.5.1/../../../../pic32mx/lib\libc.a(powers.o)
 .debug_str     0x0000185e        0x0 c:/program files (x86)/microchip/mplabc32/v2.02/bin/../lib/gcc/pic32mx/4.5.1/../../../../pic32mx/lib\libc.a(write.o)
 .debug_str     0x0000185e        0x0 c:/program files (x86)/microchip/mplabc32/v2.02/bin/../lib/gcc/pic32mx/4.5.1/../../../../pic32mx/lib\libc.a(_iob.o)
 .debug_str     0x0000185e        0x0 c:/program files (x86)/microchip/mplabc32/v2.02/bin/../lib/gcc/pic32mx/4.5.1/../../../../pic32mx/lib\libc.a(_flsbuf_simple.o)
 .debug_str     0x0000185e        0x0 c:/program files (x86)/microchip/mplabc32/v2.02/bin/../lib/gcc/pic32mx/4.5.1/../../../../pic32mx/lib\libc.a(_mon_putc.o)
 .debug_str     0x0000185e        0x0 c:/program files (x86)/microchip/mplabc32/v2.02/bin/../lib/gcc/pic32mx/4.5.1/../../../../pic32mx/lib\libc.a(c32_uart.o)
 .debug_str     0x0000185e        0x0 c:/program files (x86)/microchip/mplabc32/v2.02/bin/../lib/gcc/pic32mx/4.5.1/../../../../pic32mx/lib\libe.a(_floatdisf.o)
 .debug_str     0x0000185e        0x0 c:/program files (x86)/microchip/mplabc32/v2.02/bin/../lib/gcc/pic32mx/4.5.1/../../../../pic32mx/lib\libmchp_peripheral.a(read_core_timer_lib.o)
 .debug_str     0x0000185e        0x0 c:/program files (x86)/microchip/mplabc32/v2.02/bin/../lib/gcc/pic32mx/4.5.1/../../../../pic32mx/lib\libmchp_peripheral.a(write_core_timer_lib.o)
 .debug_str     0x0000185e        0x0 c:/program files (x86)/microchip/mplabc32/v2.02/bin/../lib/gcc/pic32mx/4.5.1/../../../../pic32mx/lib\libmchp_peripheral_32MX150F128B.a(soft_reset_lib.o)
 .debug_str     0x0000185e        0x0 c:/program files (x86)/microchip/mplabc32/v2.02/bin/../lib/gcc/pic32mx/4.5.1/../../../../pic32mx/lib\libmchp_peripheral_32MX150F128B.a(int_configure_system_lib.o)
 .debug_str     0x0000185e        0x0 c:/program files (x86)/microchip/mplabc32/v2.02/bin/../lib/gcc/pic32mx/4.5.1/../../../../pic32mx/lib\libmchp_peripheral_32MX150F128B.a(int_enable_interrupts_lib.o)
 .debug_str     0x0000185e        0x0 c:/program files (x86)/microchip/mplabc32/v2.02/bin/../lib/gcc/pic32mx/4.5.1/../../../../pic32mx/lib\libmchp_peripheral_32MX150F128B.a(int_disable_interrupts_lib.o)
 .debug_str     0x0000185e        0x0 c:/program files (x86)/microchip/mplabc32/v2.02/bin/../lib/gcc/pic32mx/4.5.1/../../../../pic32mx/lib\libmchp_peripheral_32MX150F128B.a(int_restore_interrupts_lib.o)
 .debug_str     0x0000185e        0x0 c:/program files (x86)/microchip/mplabc32/v2.02/bin/../lib/gcc/pic32mx/4.5.1/../../../../pic32mx/lib\libmchp_peripheral_32MX150F128B.a(int_tbl_lib.o)
 .debug_str     0x0000185e        0x0 c:/program files (x86)/microchip/mplabc32/v2.02/bin/../lib/gcc/pic32mx/4.5.1/../../../../pic32mx/lib\libmchp_peripheral_32MX150F128B.a(idle_i2c1_lib_legacy.o)
 .debug_str     0x0000185e        0x0 c:/program files (x86)/microchip/mplabc32/v2.02/bin/../lib/gcc/pic32mx/4.5.1/../../../../pic32mx/lib\libmchp_peripheral_32MX150F128B.a(master_read_i2c1_lib_legacy.o)
 .debug_str     0x0000185e        0x0 c:/program files (x86)/microchip/mplabc32/v2.02/bin/../lib/gcc/pic32mx/4.5.1/../../../../pic32mx/lib\libmchp_peripheral_32MX150F128B.a(master_write_i2c1_lib_legacy.o)
 .debug_str     0x0000185e        0x0 c:/program files (x86)/microchip/mplabc32/v2.02/bin/../lib/gcc/pic32mx/4.5.1\libgcc.a(_floatundisf.o)
 .debug_str     0x0000185e        0x0 c:/program files (x86)/microchip/mplabc32/v2.02/bin/../lib/gcc/pic32mx/4.5.1\libgcc.a(_udivdi3.o)
 .debug_str     0x0000185e        0x0 c:/program files (x86)/microchip/mplabc32/v2.02/bin/../lib/gcc/pic32mx/4.5.1\libgcc.a(_umoddi3.o)

.debug_loc      0x00000000     0x522d
 *(.debug_loc)
 .debug_loc     0x00000000      0x3e3 build/default/production/UserConsole.o
 .debug_loc     0x000003e3      0x1cc build/default/production/LEDFade.o
 .debug_loc     0x000005af      0xc47 build/default/production/sht3x.o
 .debug_loc     0x000011f6      0x199 build/default/production/AutoDuctTestMain.o
 .debug_loc     0x0000138f      0x20d build/default/production/ValveMotionControl.o
 .debug_loc     0x0000159c      0x22a build/default/production/FanControl.o
 .debug_loc     0x000017c6      0x296 build/default/production/DeviceControl.o
 .debug_loc     0x00001a5c      0xa50 build/default/production/TimeKeeper.o
 .debug_loc     0x000024ac      0x337 build/default/production/Config.o
 .debug_loc     0x000027e3      0x397 build/default/production/BTComCallbacksApp.o
 .debug_loc     0x00002b7a      0x396 build/default/production/RTC_RV3129.o
 .debug_loc     0x00002f10      0x46e build/default/production/_ext/2108356922/BTCom.o
 .debug_loc     0x0000337e       0x5c build/default/production/_ext/2108356922/Delay.o
 .debug_loc     0x000033da      0x175 build/default/production/_ext/2108356922/M24512.o
 .debug_loc     0x0000354f       0xdc build/default/production/_ext/2108356922/NVMem.o
 .debug_loc     0x0000362b       0xbd build/default/production/_ext/2108356922/TaskScheduler.o
 .debug_loc     0x000036e8      0x2d8 build/default/production/_ext/2108356922/uart1.o
 .debug_loc     0x000039c0      0x2d8 build/default/production/_ext/2108356922/uart2.o
 .debug_loc     0x00003c98       0x68 c:/program files (x86)/microchip/mplabc32/v2.02/bin/../lib/gcc/pic32mx/4.5.1\libgcc.a(floatunsisf.o)
 .debug_loc     0x00003d00       0xc9 c:/program files (x86)/microchip/mplabc32/v2.02/bin/../lib/gcc/pic32mx/4.5.1\libgcc.a(_floatundisf.o)
 .debug_loc     0x00003dc9      0xa47 c:/program files (x86)/microchip/mplabc32/v2.02/bin/../lib/gcc/pic32mx/4.5.1\libgcc.a(_udivdi3.o)
 .debug_loc     0x00004810      0xa1d c:/program files (x86)/microchip/mplabc32/v2.02/bin/../lib/gcc/pic32mx/4.5.1\libgcc.a(_umoddi3.o)

.debug_macinfo
 *(.debug_macinfo)

.debug_weaknames
 *(.debug_weaknames)

.debug_funcnames
 *(.debug_funcnames)

.debug_typenames
 *(.debug_typenames)

.debug_varnames
 *(.debug_varnames)

.debug_pubtypes
                0x00000000     0x1801
 *(.debug_pubtypes)
 .debug_pubtypes
                0x00000000       0xfa build/default/production/UserConsole.o
 .debug_pubtypes
                0x000000fa      0x154 build/default/production/LEDFade.o
 .debug_pubtypes
                0x0000024e      0x144 build/default/production/sht3x.o
 .debug_pubtypes
                0x00000392      0x23c build/default/production/AutoDuctTestMain.o
 .debug_pubtypes
                0x000005ce      0x21b build/default/production/ValveMotionControl.o
 .debug_pubtypes
                0x000007e9      0x189 build/default/production/FanControl.o
 .debug_pubtypes
                0x00000972      0x136 build/default/production/DeviceControl.o
 .debug_pubtypes
                0x00000aa8      0x17c build/default/production/TimeKeeper.o
 .debug_pubtypes
                0x00000c24      0x151 build/default/production/Config.o
 .debug_pubtypes
                0x00000d75       0xcf build/default/production/BTComCallbacksApp.o
 .debug_pubtypes
                0x00000e44       0xcf build/default/production/RTC_RV3129.o
 .debug_pubtypes
                0x00000f13       0xf6 build/default/production/_ext/2108356922/BTCom.o
 .debug_pubtypes
                0x00001009       0xe7 build/default/production/_ext/2108356922/CircBuffer.o
 .debug_pubtypes
                0x000010f0       0xd0 build/default/production/_ext/2108356922/Delay.o
 .debug_pubtypes
                0x000011c0       0xe4 build/default/production/_ext/2108356922/M24512.o
 .debug_pubtypes
                0x000012a4       0xd4 build/default/production/_ext/2108356922/NVMem.o
 .debug_pubtypes
                0x00001378      0x129 build/default/production/_ext/2108356922/TaskScheduler.o
 .debug_pubtypes
                0x000014a1      0x11d build/default/production/_ext/2108356922/uart1.o
 .debug_pubtypes
                0x000015be      0x11d build/default/production/_ext/2108356922/uart2.o
 .debug_pubtypes
                0x000016db       0x34 c:/program files (x86)/microchip/mplabc32/v2.02/bin/../lib/gcc/pic32mx/4.5.1\libgcc.a(floatunsisf.o)
 .debug_pubtypes
                0x0000170f       0x40 c:/program files (x86)/microchip/mplabc32/v2.02/bin/../lib/gcc/pic32mx/4.5.1\libgcc.a(_floatundisf.o)
 .debug_pubtypes
                0x0000174f       0x59 c:/program files (x86)/microchip/mplabc32/v2.02/bin/../lib/gcc/pic32mx/4.5.1\libgcc.a(_udivdi3.o)
 .debug_pubtypes
                0x000017a8       0x59 c:/program files (x86)/microchip/mplabc32/v2.02/bin/../lib/gcc/pic32mx/4.5.1\libgcc.a(_umoddi3.o)

.debug_ranges   0x00000000      0x620
 *(.debug_ranges)
 .debug_ranges  0x00000000       0x30 build/default/production/sht3x.o
 .debug_ranges  0x00000030      0x128 build/default/production/AutoDuctTestMain.o
 .debug_ranges  0x00000158       0x18 build/default/production/ValveMotionControl.o
 .debug_ranges  0x00000170       0x18 build/default/production/FanControl.o
 .debug_ranges  0x00000188       0x40 build/default/production/TimeKeeper.o
 .debug_ranges  0x000001c8       0x18 build/default/production/Config.o
 .debug_ranges  0x000001e0       0xb0 build/default/production/_ext/2108356922/BTCom.o
 .debug_ranges  0x00000290       0x30 build/default/production/_ext/2108356922/NVMem.o
 .debug_ranges  0x000002c0       0x10 c:/program files (x86)/microchip/mplabc32/v2.02/bin/../lib/gcc/pic32mx/4.5.1/../../../../pic32mx/lib\libc.a(atol.o)
 .debug_ranges  0x000002d0       0x10 c:/program files (x86)/microchip/mplabc32/v2.02/bin/../lib/gcc/pic32mx/4.5.1/../../../../pic32mx/lib\libc.a(sprintf_cdfFnopsuxX.eo)
 .debug_ranges  0x000002e0       0x10 c:/program files (x86)/microchip/mplabc32/v2.02/bin/../lib/gcc/pic32mx/4.5.1/../../../../pic32mx/lib\libc.a(default-bootstrap-exception-handler.o)
 .debug_ranges  0x000002f0       0x10 c:/program files (x86)/microchip/mplabc32/v2.02/bin/../lib/gcc/pic32mx/4.5.1/../../../../pic32mx/lib\libc.a(default-on-reset.o)
 .debug_ranges  0x00000300       0x10 c:/program files (x86)/microchip/mplabc32/v2.02/bin/../lib/gcc/pic32mx/4.5.1/../../../../pic32mx/lib\libc.a(default-on-bootstrap.o)
 .debug_ranges  0x00000310       0x18 c:/program files (x86)/microchip/mplabc32/v2.02/bin/../lib/gcc/pic32mx/4.5.1/../../../../pic32mx/lib\libc.a(doprnt_cdfFnopsuxX.eo)
 .debug_ranges  0x00000328       0x10 c:/program files (x86)/microchip/mplabc32/v2.02/bin/../lib/gcc/pic32mx/4.5.1/../../../../pic32mx/lib\libc.a(_fputc_simple.o)
 .debug_ranges  0x00000338       0x10 c:/program files (x86)/microchip/mplabc32/v2.02/bin/../lib/gcc/pic32mx/4.5.1/../../../../pic32mx/lib\libc.a(write.o)
 .debug_ranges  0x00000348       0x10 c:/program files (x86)/microchip/mplabc32/v2.02/bin/../lib/gcc/pic32mx/4.5.1/../../../../pic32mx/lib\libc.a(_flsbuf_simple.o)
 .debug_ranges  0x00000358       0x10 c:/program files (x86)/microchip/mplabc32/v2.02/bin/../lib/gcc/pic32mx/4.5.1/../../../../pic32mx/lib\libc.a(_mon_putc.o)
 .debug_ranges  0x00000368       0x10 c:/program files (x86)/microchip/mplabc32/v2.02/bin/../lib/gcc/pic32mx/4.5.1/../../../../pic32mx/lib\libe.a(_floatdisf.o)
 .debug_ranges  0x00000378       0x10 c:/program files (x86)/microchip/mplabc32/v2.02/bin/../lib/gcc/pic32mx/4.5.1/../../../../pic32mx/lib\libmchp_peripheral.a(read_core_timer_lib.o)
 .debug_ranges  0x00000388       0x10 c:/program files (x86)/microchip/mplabc32/v2.02/bin/../lib/gcc/pic32mx/4.5.1/../../../../pic32mx/lib\libmchp_peripheral.a(write_core_timer_lib.o)
 .debug_ranges  0x00000398       0x10 c:/program files (x86)/microchip/mplabc32/v2.02/bin/../lib/gcc/pic32mx/4.5.1/../../../../pic32mx/lib\libmchp_peripheral_32MX150F128B.a(soft_reset_lib.o)
 .debug_ranges  0x000003a8       0x10 c:/program files (x86)/microchip/mplabc32/v2.02/bin/../lib/gcc/pic32mx/4.5.1/../../../../pic32mx/lib\libmchp_peripheral_32MX150F128B.a(int_configure_system_lib.o)
 .debug_ranges  0x000003b8       0x10 c:/program files (x86)/microchip/mplabc32/v2.02/bin/../lib/gcc/pic32mx/4.5.1/../../../../pic32mx/lib\libmchp_peripheral_32MX150F128B.a(int_enable_interrupts_lib.o)
 .debug_ranges  0x000003c8       0x10 c:/program files (x86)/microchip/mplabc32/v2.02/bin/../lib/gcc/pic32mx/4.5.1/../../../../pic32mx/lib\libmchp_peripheral_32MX150F128B.a(int_disable_interrupts_lib.o)
 .debug_ranges  0x000003d8       0x10 c:/program files (x86)/microchip/mplabc32/v2.02/bin/../lib/gcc/pic32mx/4.5.1/../../../../pic32mx/lib\libmchp_peripheral_32MX150F128B.a(int_restore_interrupts_lib.o)
 .debug_ranges  0x000003e8       0x50 c:/program files (x86)/microchip/mplabc32/v2.02/bin/../lib/gcc/pic32mx/4.5.1/../../../../pic32mx/lib\libmchp_peripheral_32MX150F128B.a(int_tbl_lib.o)
 .debug_ranges  0x00000438       0x10 c:/program files (x86)/microchip/mplabc32/v2.02/bin/../lib/gcc/pic32mx/4.5.1/../../../../pic32mx/lib\libmchp_peripheral_32MX150F128B.a(idle_i2c1_lib_legacy.o)
 .debug_ranges  0x00000448       0x10 c:/program files (x86)/microchip/mplabc32/v2.02/bin/../lib/gcc/pic32mx/4.5.1/../../../../pic32mx/lib\libmchp_peripheral_32MX150F128B.a(master_read_i2c1_lib_legacy.o)
 .debug_ranges  0x00000458       0x10 c:/program files (x86)/microchip/mplabc32/v2.02/bin/../lib/gcc/pic32mx/4.5.1/../../../../pic32mx/lib\libmchp_peripheral_32MX150F128B.a(master_write_i2c1_lib_legacy.o)
 .debug_ranges  0x00000468       0xc0 c:/program files (x86)/microchip/mplabc32/v2.02/bin/../lib/gcc/pic32mx/4.5.1\libgcc.a(_udivdi3.o)
 .debug_ranges  0x00000528       0xf8 c:/program files (x86)/microchip/mplabc32/v2.02/bin/../lib/gcc/pic32mx/4.5.1\libgcc.a(_umoddi3.o)

.gnu.attributes
                0x00000000       0x10
 *(.gnu.attributes)
 .gnu.attributes
                0x00000000       0x10 build/default/production/UserConsole.o
 .gnu.attributes
                0x00000010       0x10 build/default/production/LEDFade.o
 .gnu.attributes
                0x00000020       0x10 build/default/production/sht3x.o
 .gnu.attributes
                0x00000030       0x10 build/default/production/AutoDuctTestMain.o
 .gnu.attributes
                0x00000040       0x10 build/default/production/ValveMotionControl.o
 .gnu.attributes
                0x00000050       0x10 build/default/production/FanControl.o
 .gnu.attributes
                0x00000060       0x10 build/default/production/DeviceControl.o
 .gnu.attributes
                0x00000070       0x10 build/default/production/TimeKeeper.o
 .gnu.attributes
                0x00000080       0x10 build/default/production/Config.o
 .gnu.attributes
                0x00000090       0x10 build/default/production/BTComCallbacksApp.o
 .gnu.attributes
                0x000000a0       0x10 build/default/production/RTC_RV3129.o
 .gnu.attributes
                0x000000b0       0x10 build/default/production/_ext/2108356922/BTCom.o
 .gnu.attributes
                0x000000c0       0x10 build/default/production/_ext/2108356922/CircBuffer.o
 .gnu.attributes
                0x000000d0       0x10 build/default/production/_ext/2108356922/Delay.o
 .gnu.attributes
                0x000000e0       0x10 build/default/production/_ext/2108356922/M24512.o
 .gnu.attributes
                0x000000f0       0x10 build/default/production/_ext/2108356922/NVMem.o
 .gnu.attributes
                0x00000100       0x10 build/default/production/_ext/2108356922/TaskScheduler.o
 .gnu.attributes
                0x00000110       0x10 build/default/production/_ext/2108356922/uart1.o
 .gnu.attributes
                0x00000120       0x10 build/default/production/_ext/2108356922/uart2.o
 .gnu.attributes
                0x00000130       0x10 c:/program files (x86)/microchip/mplabc32/v2.02/bin/../lib/gcc/pic32mx/4.5.1\libgcc.a(floatunsisf.o)
 .gnu.attributes